Component: ARM Compiler 5.06 update 7 (build 960) Tool: armlink [4d3601]

==============================================================================

Section Cross References

    main.o(i.main) refers to malloc.o(i.malloc) for malloc
    main.o(i.main) refers to printf3.o(i.__0printf$3) for __2printf
    main.o(i.main) refers to gd32f20x_misc.o(i.nvic_priority_group_set) for nvic_priority_group_set
    main.o(i.main) refers to systick.o(i.systick_config) for systick_config
    main.o(i.main) refers to gpio.o(i.gpio_config) for gpio_config
    main.o(i.main) refers to usart.o(i.init_com0) for init_com0
    main.o(i.main) refers to usart.o(i.usart_config) for usart_config
    main.o(i.main) refers to malloc.o(i.free) for free
    main.o(i.main) refers to usart.o(i.init_receive_queue) for init_receive_queue
    main.o(i.main) refers to tasks.o(i.xTaskCreate) for xTaskCreate
    main.o(i.main) refers to tasks.o(i.vTaskStartScheduler) for vTaskStartScheduler
    main.o(i.main) refers to main.o(.data) for StartTask_Handler
    main.o(i.main) refers to main.o(i.start_task) for start_task
    main.o(i.start_task) refers to port.o(i.vPortEnterCritical) for vPortEnterCritical
    main.o(i.start_task) refers to timers.o(i.xTimerCreate) for xTimerCreate
    main.o(i.start_task) refers to printf3.o(i.__0printf$3) for __2printf
    main.o(i.start_task) refers to tasks.o(i.xTaskCreate) for xTaskCreate
    main.o(i.start_task) refers to tasks.o(i.xTaskGetTickCount) for xTaskGetTickCount
    main.o(i.start_task) refers to timers.o(i.xTimerGenericCommand) for xTimerGenericCommand
    main.o(i.start_task) refers to tasks.o(i.vTaskDelete) for vTaskDelete
    main.o(i.start_task) refers to port.o(i.vPortExitCritical) for vPortExitCritical
    main.o(i.start_task) refers to led.o(i.Timer1Callback) for Timer1Callback
    main.o(i.start_task) refers to main.o(.data) for RuningLEDTimerInterval
    main.o(i.start_task) refers to led.o(i.led_task) for led_task
    main.o(i.start_task) refers to led.o(i.beep_task) for beep_task
    main.o(i.start_task) refers to led.o(i.interrupt_task) for interrupt_task
    main.o(i.start_task) refers to led.o(i.runtime_task) for runtime_task
    systick.o(i.delay_1ms) refers to systick.o(.data) for delay
    systick.o(i.delay_decrement) refers to systick.o(.data) for delay
    systick.o(i.delay_ms) refers to systick.o(.data) for fac_ms
    systick.o(i.systick_config) refers to gd32f20x_misc.o(i.systick_clksource_set) for systick_clksource_set
    systick.o(i.systick_config) refers to system_gd32f20x.o(.data) for SystemCoreClock
    systick.o(i.systick_config) refers to systick.o(.data) for fac_us
    led.o(i.Timer1Callback) refers to led.o(i.led_toggle) for led_toggle
    led.o(i.beep_task) refers to port.o(i.vPortEnterCritical) for vPortEnterCritical
    led.o(i.beep_task) refers to printf3.o(i.__0printf$3) for __2printf
    led.o(i.beep_task) refers to tasks.o(i.vTaskDelay) for vTaskDelay
    led.o(i.beep_task) refers to port.o(i.vPortExitCritical) for vPortExitCritical
    led.o(i.interrupt_task) refers to port.o(i.vPortEnterCritical) for vPortEnterCritical
    led.o(i.interrupt_task) refers to interrupt.o(i.judge_message) for judge_message
    led.o(i.interrupt_task) refers to tasks.o(i.vTaskDelay) for vTaskDelay
    led.o(i.interrupt_task) refers to port.o(i.vPortExitCritical) for vPortExitCritical
    led.o(i.led_task) refers to port.o(i.vPortEnterCritical) for vPortEnterCritical
    led.o(i.led_task) refers to printf3.o(i.__0printf$3) for __2printf
    led.o(i.led_task) refers to tasks.o(i.vTaskDelay) for vTaskDelay
    led.o(i.led_task) refers to port.o(i.vPortExitCritical) for vPortExitCritical
    led.o(i.led_toggle) refers to printf3.o(i.__0printf$3) for __2printf
    led.o(i.led_toggle) refers to gd32f20x_gpio.o(i.gpio_bit_set) for gpio_bit_set
    led.o(i.led_toggle) refers to gd32f20x_gpio.o(i.gpio_bit_reset) for gpio_bit_reset
    led.o(i.led_toggle) refers to led.o(.data) for flag
    led.o(i.runtime_task) refers to port.o(i.vPortEnterCritical) for vPortEnterCritical
    led.o(i.runtime_task) refers to queue.o(i.uxQueueMessagesWaiting) for uxQueueMessagesWaiting
    led.o(i.runtime_task) refers to printf3.o(i.__0printf$3) for __2printf
    led.o(i.runtime_task) refers to queue.o(i.xQueueReceive) for xQueueReceive
    led.o(i.runtime_task) refers to tasks.o(i.vTaskGetRunTimeStats) for vTaskGetRunTimeStats
    led.o(i.runtime_task) refers to tasks.o(i.vTaskDelay) for vTaskDelay
    led.o(i.runtime_task) refers to port.o(i.vPortExitCritical) for vPortExitCritical
    led.o(i.runtime_task) refers to usart.o(.data) for RECEIVE_Queue_Handler
    led.o(i.runtime_task) refers to led.o(.bss) for runtime_info
    usart.o(i.USART0_IRQHandler) refers to gd32f20x_usart.o(i.usart_interrupt_flag_get) for usart_interrupt_flag_get
    usart.o(i.USART0_IRQHandler) refers to gd32f20x_usart.o(i.usart_interrupt_flag_clear) for usart_interrupt_flag_clear
[...]
    ..\GD32F20x_Firmware_Library\GD32F20x_standard_peripheral\Source\gd32f20x_cau.c 0x00000000   Number         0  gd32f20x_cau.o ABSOLUTE
    ..\GD32F20x_Firmware_Library\GD32F20x_standard_peripheral\Source\gd32f20x_cau_aes.c 0x00000000   Number         0  gd32f20x_cau_aes.o ABSOLUTE
    ..\GD32F20x_Firmware_Library\GD32F20x_standard_peripheral\Source\gd32f20x_cau_des.c 0x00000000   Number         0  gd32f20x_cau_des.o ABSOLUTE
    ..\GD32F20x_Firmware_Library\GD32F20x_standard_peripheral\Source\gd32f20x_cau_tdes.c 0x00000000   Number         0  gd32f20x_cau_tdes.o ABSOLUTE
    ..\GD32F20x_Firmware_Library\GD32F20x_standard_peripheral\Source\gd32f20x_crc.c 0x00000000   Number         0  gd32f20x_crc.o ABSOLUTE
    ..\GD32F20x_Firmware_Library\GD32F20x_standard_peripheral\Source\gd32f20x_dac.c 0x00000000   Number         0  gd32f20x_dac.o ABSOLUTE
    ..\GD32F20x_Firmware_Library\GD32F20x_standard_peripheral\Source\gd32f20x_dbg.c 0x00000000   Number         0  gd32f20x_dbg.o ABSOLUTE
    ..\GD32F20x_Firmware_Library\GD32F20x_standard_peripheral\Source\gd32f20x_dci.c 0x00000000   Number         0  gd32f20x_dci.o ABSOLUTE
    ..\GD32F20x_Firmware_Library\GD32F20x_standard_peripheral\Source\gd32f20x_dma.c 0x00000000   Number         0  gd32f20x_dma.o ABSOLUTE
    ..\GD32F20x_Firmware_Library\GD32F20x_standard_peripheral\Source\gd32f20x_enet.c 0x00000000   Number         0  gd32f20x_enet.o ABSOLUTE
    ..\GD32F20x_Firmware_Library\GD32F20x_standard_peripheral\Source\gd32f20x_exmc.c 0x00000000   Number         0  gd32f20x_exmc.o ABSOLUTE
    ..\GD32F20x_Firmware_Library\GD32F20x_standard_peripheral\Source\gd32f20x_exti.c 0x00000000   Number         0  gd32f20x_exti.o ABSOLUTE
    ..\GD32F20x_Firmware_Library\GD32F20x_standard_peripheral\Source\gd32f20x_fmc.c 0x00000000   Number         0  gd32f20x_fmc.o ABSOLUTE
    ..\GD32F20x_Firmware_Library\GD32F20x_standard_peripheral\Source\gd32f20x_fwdgt.c 0x00000000   Number         0  gd32f20x_fwdgt.o ABSOLUTE
    ..\GD32F20x_Firmware_Library\GD32F20x_standard_peripheral\Source\gd32f20x_gpio.c 0x00000000   Number         0  gd32f20x_gpio.o ABSOLUTE
    ..\GD32F20x_Firmware_Library\GD32F20x_standard_peripheral\Source\gd32f20x_hau.c 0x00000000   Number         0  gd32f20x_hau.o ABSOLUTE
    ..\GD32F20x_Firmware_Library\GD32F20x_standard_peripheral\Source\gd32f20x_hau_sha_md5.c 0x00000000   Number         0  gd32f20x_hau_sha_md5.o ABSOLUTE
    ..\GD32F20x_Firmware_Library\GD32F20x_standard_peripheral\Source\gd32f20x_i2c.c 0x00000000   Number         0  gd32f20x_i2c.o ABSOLUTE
    ..\GD32F20x_Firmware_Library\GD32F20x_standard_peripheral\Source\gd32f20x_misc.c 0x00000000   Number         0  gd32f20x_misc.o ABSOLUTE
    ..\GD32F20x_Firmware_Library\GD32F20x_standard_peripheral\Source\gd32f20x_pmu.c 0x00000000   Number         0  gd32f20x_pmu.o ABSOLUTE
    ..\GD32F20x_Firmware_Library\GD32F20x_standard_peripheral\Source\gd32f20x_rcu.c 0x00000000   Number         0  gd32f20x_rcu.o ABSOLUTE
    ..\GD32F20x_Firmware_Library\GD32F20x_standard_peripheral\Source\gd32f20x_rtc.c 0x00000000   Number         0  gd32f20x_rtc.o ABSOLUTE
    ..\GD32F20x_Firmware_Library\GD32F20x_standard_peripheral\Source\gd32f20x_sdio.c 0x00000000   Number         0  gd32f20x_sdio.o ABSOLUTE
    ..\GD32F20x_Firmware_Library\GD32F20x_standard_peripheral\Source\gd32f20x_spi.c 0x00000000   Number         0  gd32f20x_spi.o ABSOLUTE
    ..\GD32F20x_Firmware_Library\GD32F20x_standard_peripheral\Source\gd32f20x_timer.c 0x00000000   Number         0  gd32f20x_timer.o ABSOLUTE
    ..\GD32F20x_Firmware_Library\GD32F20x_standard_peripheral\Source\gd32f20x_tli.c 0x00000000   Number         0  gd32f20x_tli.o ABSOLUTE
    ..\GD32F20x_Firmware_Library\GD32F20x_standard_peripheral\Source\gd32f20x_trng.c 0x00000000   Number         0  gd32f20x_trng.o ABSOLUTE
    ..\GD32F20x_Firmware_Library\GD32F20x_standard_peripheral\Source\gd32f20x_usart.c 0x00000000   Number         0  gd32f20x_usart.o ABSOLUTE
    ..\GD32F20x_Firmware_Library\GD32F20x_standard_peripheral\Source\gd32f20x_wwdgt.c 0x00000000   Number         0  gd32f20x_wwdgt.o ABSOLUTE
    ..\Startup\startup_gd32f20x_cl.s         0x00000000   Number         0  startup_gd32f20x_cl.o ABSOLUTE
    ..\USER\gd32f20x_it.c                    0x00000000   Number         0  gd32f20x_it.o ABSOLUTE
    ..\USER\main.c                           0x00000000   Number         0  main.o ABSOLUTE
    ..\USER\systick.c                        0x00000000   Number         0  systick.o ABSOLUTE
    ..\\Driver\\Source\\btim.c               0x00000000   Number         0  btim.o ABSOLUTE
    ..\\Driver\\Source\\gpio.c               0x00000000   Number         0  gpio.o ABSOLUTE
    ..\\Driver\\Source\\interrupt.c          0x00000000   Number         0  interrupt.o ABSOLUTE
    ..\\Driver\\Source\\led.c                0x00000000   Number         0  led.o ABSOLUTE
    ..\\Driver\\Source\\usart.c              0x00000000   Number         0  usart.o ABSOLUTE
    ..\\FreeRTOS\\Source\\portable\\RVDS\\ARM_CM3\\port.c 0x00000000   Number         0  port.o ABSOLUTE
    ..\\GD32F20x_Firmware_Library\\CMSIS\\GD\\GD32F20x\\Source\\system_gd32f20x.c 0x00000000   Number         0  system_gd32f20x.o ABSOLUTE
    ..\\GD32F20x_Firmware_Library\\GD32F20x_standard_peripheral\\Source\\gd32f20x_adc.c 0x00000000   Number         0  gd32f20x_adc.o ABSOLUTE
    ..\\GD32F20x_Firmware_Library\\GD32F20x_standard_peripheral\\Source\\gd32f20x_bkp.c 0x00000000   Number         0  gd32f20x_bkp.o ABSOLUTE
    ..\\GD32F20x_Firmware_Library\\GD32F20x_standard_peripheral\\Source\\gd32f20x_can.c 0x00000000   Number         0  gd32f20x_can.o ABSOLUTE
    ..\\GD32F20x_Firmware_Library\\GD32F20x_standard_peripheral\\Source\\gd32f20x_cau.c 0x00000000   Number         0  gd32f20x_cau.o ABSOLUTE
    ..\\GD32F20x_Firmware_Library\\GD32F20x_standard_peripheral\\Source\\gd32f20x_cau_aes.c 0x00000000   Number         0  gd32f20x_cau_aes.o ABSOLUTE
    ..\\GD32F20x_Firmware_Library\\GD32F20x_standard_peripheral\\Source\\gd32f20x_cau_des.c 0x00000000   Number         0  gd32f20x_cau_des.o ABSOLUTE
    ..\\GD32F20x_Firmware_Library\\GD32F20x_standard_peripheral\\Source\\gd32f20x_cau_tdes.c 0x00000000   Number         0  gd32f20x_cau_tdes.o ABSOLUTE
    ..\\GD32F20x_Firmware_Library\\GD32F20x_standard_peripheral\\Source\\gd32f20x_crc.c 0x00000000   Number         0  gd32f20x_crc.o ABSOLUTE
    ..\\GD32F20x_Firmware_Library\\GD32F20x_standard_peripheral\\Source\\gd32f20x_dac.c 0x00000000   Number         0  gd32f20x_dac.o ABSOLUTE
    ..\\GD32F20x_Firmware_Library\\GD32F20x_standard_peripheral\\Source\\gd32f20x_dbg.c 0x00000000   Number         0  gd32f20x_dbg.o ABSOLUTE
    ..\\GD32F20x_Firmware_Library\\GD32F20x_standard_peripheral\\Source\\gd32f20x_dci.c 0x00000000   Number         0  gd32f20x_dci.o ABSOLUTE
    ..\\GD32F20x_Firmware_Library\\GD32F20x_standard_peripheral\\Source\\gd32f20x_dma.c 0x00000000   Number         0  gd32f20x_dma.o ABSOLUTE
    ..\\GD32F20x_Firmware_Library\\GD32F20x_standard_peripheral\\Source\\gd32f20x_enet.c 0x00000000   Number         0  gd32f20x_enet.o ABSOLUTE
    ..\\GD32F20x_Firmware_Library\\GD32F20x_standard_peripheral\\Source\\gd32f20x_exmc.c 0x00000000   Number         0  gd32f20x_exmc.o ABSOLUTE
    ..\\GD32F20x_Firmware_Library\\GD32F20x_standard_peripheral\\Source\\gd32f20x_exti.c 0x00000000   Number         0  gd32f20x_exti.o ABSOLUTE
    ..\\GD32F20x_Firmware_Library\\GD32F20x_standard_peripheral\\Source\\gd32f20x_fmc.c 0x00000000   Number         0  gd32f20x_fmc.o ABSOLUTE
    ..\\GD32F20x_Firmware_Library\\GD32F20x_standard_peripheral\\Source\\gd32f20x_fwdgt.c 0x00000000   Number         0  gd32f20x_fwdgt.o ABSOLUTE
    ..\\GD32F20x_Firmware_Library\\GD32F20x_standard_peripheral\\Source\\gd32f20x_gpio.c 0x00000000   Number         0  gd32f20x_gpio.o ABSOLUTE
    ..\\GD32F20x_Firmware_Library\\GD32F20x_standard_peripheral\\Source\\gd32f20x_hau.c 0x00000000   Number         0  gd32f20x_hau.o ABSOLUTE
    ..\\GD32F20x_Firmware_Library\\GD32F20x_standard_peripheral\\Source\\gd32f20x_hau_sha_md5.c 0x00000000   Number         0  gd32f20x_hau_sha_md5.o ABSOLUTE
    ..\\GD32F20x_Firmware_Library\\GD32F20x_standard_peripheral\\Source\\gd32f20x_i2c.c 0x00000000   Number         0  gd32f20x_i2c.o ABSOLUTE
    ..\\GD32F20x_Firmware_Library\\GD32F20x_standard_peripheral\\Source\\gd32f20x_misc.c 0x00000000   Number         0  gd32f20x_misc.o ABSOLUTE
    ..\\GD32F20x_Firmware_Library\\GD32F20x_standard_peripheral\\Source\\gd32f20x_pmu.c 0x00000000   Number         0  gd32f20x_pmu.o ABSOLUTE
    ..\\GD32F20x_Firmware_Library\\GD32F20x_standard_peripheral\\Source\\gd32f20x_rcu.c 0x00000000   Number         0  gd32f20x_rcu.o ABSOLUTE
    ..\\GD32F20x_Firmware_Library\\GD32F20x_standard_peripheral\\Source\\gd32f20x_rtc.c 0x00000000   Number         0  gd32f20x_rtc.o ABSOLUTE
    ..\\GD32F20x_Firmware_Library\\GD32F20x_standard_peripheral\\Source\\gd32f20x_sdio.c 0x00000000   Number         0  gd32f20x_sdio.o ABSOLUTE
    ..\\GD32F20x_Firmware_Library\\GD32F20x_standard_peripheral\\Source\\gd32f20x_spi.c 0x00000000   Number         0  gd32f20x_spi.o ABSOLUTE
    ..\\GD32F20x_Firmware_Library\\GD32F20x_standard_peripheral\\Source\\gd32f20x_timer.c 0x00000000   Number         0  gd32f20x_timer.o ABSOLUTE
    ..\\GD32F20x_Firmware_Library\\GD32F20x_standard_peripheral\\Source\\gd32f20x_tli.c 0x00000000   Number         0  gd32f20x_tli.o ABSOLUTE
    ..\\GD32F20x_Firmware_Library\\GD32F20x_standard_peripheral\\Source\\gd32f20x_trng.c 0x00000000   Number         0  gd32f20x_trng.o ABSOLUTE
    ..\\GD32F20x_Firmware_Library\\GD32F20x_standard_peripheral\\Source\\gd32f20x_usart.c 0x00000000   Number         0  gd32f20x_usart.o ABSOLUTE
    ..\\GD32F20x_Firmware_Library\\GD32F20x_standard_peripheral\\Source\\gd32f20x_wwdgt.c 0x00000000   Number         0  gd32f20x_wwdgt.o ABSOLUTE
    ..\\USER\\gd32f20x_it.c                  0x00000000   Number         0  gd32f20x_it.o ABSOLUTE
    ..\\USER\\main.c                         0x00000000   Number         0  main.o ABSOLUTE
    ..\\USER\\systick.c                      0x00000000   Number         0  systick.o ABSOLUTE
    cdrcmple.s                               0x00000000   Number         0  cdrcmple.o ABSOLUTE
    dc.s                                     0x00000000   Number         0  dc.o ABSOLUTE
    handlers.s                               0x00000000   Number         0  handlers.o ABSOLUTE
    init.s                                   0x00000000   Number         0  init.o ABSOLUTE
    RESET                                    0x08000000   Section      424  startup_gd32f20x_cl.o(RESET)
    .ARM.Collect$$$$00000000                 0x080001a8   Section        0  entry.o(.ARM.Collect$$$$00000000)
    .ARM.Collect$$$$00000001                 0x080001a8   Section        4  entry2.o(.ARM.Collect$$$$00000001)
    .ARM.Collect$$$$00000004                 0x080001ac   Section        4  entry5.o(.ARM.Collect$$$$00000004)
    .ARM.Collect$$$$00000008                 0x080001b0   Section        0  entry7b.o(.ARM.Collect$$$$00000008)
    .ARM.Collect$$$$0000000A                 0x080001b0   Section        0  entry8b.o(.ARM.Collect$$$$0000000A)
    .ARM.Collect$$$$0000000B                 0x080001b0   Section        8  entry9a.o(.ARM.Collect$$$$0000000B)
    .ARM.Collect$$$$0000000E                 0x080001b8   Section        4  entry12b.o(.ARM.Collect$$$$0000000E)
    .ARM.Collect$$$$0000000F                 0x080001bc   Section        0  entry10a.o(.ARM.Collect$$$$0000000F)
    .ARM.Collect$$$$00000011                 0x080001bc   Section        0  entry11a.o(.ARM.Collect$$$$00000011)
    .ARM.Collect$$$$00002712                 0x080001bc   Section        4  entry2.o(.ARM.Collect$$$$00002712)
    __lit__00000000                          0x080001bc   Data           4  entry2.o(.ARM.Collect$$$$00002712)
    .emb_text                                0x080001c0   Section      150  port.o(.emb_text)
    .text                                    0x08000258   Section       36  startup_gd32f20x_cl.o(.text)
    .text                                    0x0800027c   Section        0  memcpya.o(.text)
    .text                                    0x080002a0   Section        0  memseta.o(.text)
    .text                                    0x080002c4   Section        0  strlen.o(.text)
    .text                                    0x080002d2   Section        0  strcpy.o(.text)
    .text                                    0x080002e4   Section        0  uidiv.o(.text)
    .text                                    0x08000310   Section       36  init.o(.text)
    i.BusFault_Handler                       0x08000334   Section        0  gd32f20x_it.o(i.BusFault_Handler)
    i.DebugMon_Handler                       0x08000338   Section        0  gd32f20x_it.o(i.DebugMon_Handler)
    i.HardFault_Handler                      0x0800033a   Section        0  gd32f20x_it.o(i.HardFault_Handler)
    i.MemManage_Handler                      0x0800033e   Section        0  gd32f20x_it.o(i.MemManage_Handler)
    i.NMI_Handler                            0x08000342   Section        0  gd32f20x_it.o(i.NMI_Handler)
    i.SysTick_Handler                        0x08000344   Section        0  port.o(i.SysTick_Handler)
    i.SystemInit                             0x08000378   Section        0  system_gd32f20x.o(i.SystemInit)
    i.TIMER1_IRQHandler                      0x08000408   Section        0  btim.o(i.TIMER1_IRQHandler)
    i.Timer1Callback                         0x08000424   Section        0  led.o(i.Timer1Callback)
    i.USART0_IRQHandler                      0x08000430   Section        0  usart.o(i.USART0_IRQHandler)
    i.USART2_IRQHandler                      0x08000488   Section        0  usart.o(i.USART2_IRQHandler)
    i.UsageFault_Handler                     0x080004e0   Section        0  gd32f20x_it.o(i.UsageFault_Handler)
    i.__0printf$3                            0x080004e4   Section        0  printf3.o(i.__0printf$3)
    i.__0sprintf$3                           0x08000504   Section        0  printf3.o(i.__0sprintf$3)
    i.__scatterload_copy                     0x0800052c   Section       14  handlers.o(i.__scatterload_copy)
    i.__scatterload_null                     0x0800053a   Section        2  handlers.o(i.__scatterload_null)
    i.__scatterload_zeroinit                 0x0800053c   Section       14  handlers.o(i.__scatterload_zeroinit)
    i._printf_core                           0x0800054c   Section        0  printf3.o(i._printf_core)
    _printf_core                             0x0800054d   Thumb Code   436  printf3.o(i._printf_core)
    i._sputc                                 0x08000704   Section        0  printf3.o(i._sputc)
    _sputc                                   0x08000705   Thumb Code    10  printf3.o(i._sputc)
    i.beep_task                              0x08000710   Section        0  led.o(i.beep_task)
    i.btim_tim1_int_init                     0x08000734   Section        0  btim.o(i.btim_tim1_int_init)
    i.configureTimeForRunTimeStats           0x08000788   Section        0  btim.o(i.configureTimeForRunTimeStats)
    i.eTaskGetState                          0x080007a0   Section        0  tasks.o(i.eTaskGetState)
    i.fputc                                  0x08000844   Section        0  usart.o(i.fputc)
    i.free                                   0x08000868   Section        0  malloc.o(i.free)
    i.gpio_bit_reset                         0x080008b8   Section        0  gd32f20x_gpio.o(i.gpio_bit_reset)
    i.gpio_bit_set                           0x080008bc   Section        0  gd32f20x_gpio.o(i.gpio_bit_set)
    i.gpio_config                            0x080008c0   Section        0  gpio.o(i.gpio_config)
    i.gpio_init                              0x08000908   Section        0  gd32f20x_gpio.o(i.gpio_init)
    i.init_com0                              0x080009b4   Section        0  usart.o(i.init_com0)
    i.init_receive_queue                     0x08000a10   Section        0  usart.o(i.init_receive_queue)
    i.interrupt_task                         0x08000a98   Section        0  led.o(i.interrupt_task)
    i.judge_message                          0x08000ab0   Section        0  interrupt.o(i.judge_message)
    i.led_task                               0x08000b30   Section        0  led.o(i.led_task)
    i.led_toggle                             0x08000b54   Section        0  led.o(i.led_toggle)
    i.main                                   0x08000bc0   Section        0  main.o(i.main)
    i.malloc                                 0x08000cb0   Section        0  malloc.o(i.malloc)
    i.nvic_irq_enable                        0x08000d1c   Section        0  gd32f20x_misc.o(i.nvic_irq_enable)
    i.nvic_priority_group_set                0x08000dc8   Section        0  gd32f20x_misc.o(i.nvic_priority_group_set)
    i.prvAddCurrentTaskToDelayedList         0x08000ddc   Section        0  tasks.o(i.prvAddCurrentTaskToDelayedList)
    prvAddCurrentTaskToDelayedList           0x08000ddd   Thumb Code   174  tasks.o(i.prvAddCurrentTaskToDelayedList)
    i.prvAddNewTaskToReadyList               0x08000ea8   Section        0  tasks.o(i.prvAddNewTaskToReadyList)
    prvAddNewTaskToReadyList                 0x08000ea9   Thumb Code   206  tasks.o(i.prvAddNewTaskToReadyList)
    i.prvCheckForValidListAndQueue           0x08000f94   Section        0  timers.o(i.prvCheckForValidListAndQueue)
    prvCheckForValidListAndQueue             0x08000f95   Thumb Code    56  timers.o(i.prvCheckForValidListAndQueue)
    i.prvCheckTasksWaitingTermination        0x08000fe0   Section        0  tasks.o(i.prvCheckTasksWaitingTermination)
    prvCheckTasksWaitingTermination          0x08000fe1   Thumb Code    60  tasks.o(i.prvCheckTasksWaitingTermination)
    i.prvCopyDataFromQueue                   0x08001028   Section        0  queue.o(i.prvCopyDataFromQueue)
    prvCopyDataFromQueue                     0x08001029   Thumb Code    42  queue.o(i.prvCopyDataFromQueue)
    i.prvCopyDataToQueue                     0x08001052   Section        0  queue.o(i.prvCopyDataToQueue)
    prvCopyDataToQueue                       0x08001053   Thumb Code   126  queue.o(i.prvCopyDataToQueue)
    i.prvDeleteTCB                           0x080010d0   Section        0  tasks.o(i.prvDeleteTCB)
    prvDeleteTCB                             0x080010d1   Thumb Code    18  tasks.o(i.prvDeleteTCB)
    i.prvGetNextExpireTime                   0x080010e4   Section        0  timers.o(i.prvGetNextExpireTime)
    prvGetNextExpireTime                     0x080010e5   Thumb Code    36  timers.o(i.prvGetNextExpireTime)
    i.prvHeapInit                            0x0800110c   Section        0  heap_4.o(i.prvHeapInit)
    prvHeapInit                              0x0800110d   Thumb Code    98  heap_4.o(i.prvHeapInit)
    i.prvIdleTask                            0x08001188   Section        0  tasks.o(i.prvIdleTask)
    prvIdleTask                              0x08001189   Thumb Code    32  tasks.o(i.prvIdleTask)
    i.prvInitialiseNewQueue                  0x080011b0   Section        0  queue.o(i.prvInitialiseNewQueue)
    prvInitialiseNewQueue                    0x080011b1   Thumb Code    46  queue.o(i.prvInitialiseNewQueue)
    i.prvInitialiseNewTask                   0x080011de   Section        0  tasks.o(i.prvInitialiseNewTask)
    prvInitialiseNewTask                     0x080011df   Thumb Code   230  tasks.o(i.prvInitialiseNewTask)
    i.prvInitialiseNewTimer                  0x080012c4   Section        0  timers.o(i.prvInitialiseNewTimer)
    prvInitialiseNewTimer                    0x080012c5   Thumb Code    88  timers.o(i.prvInitialiseNewTimer)
    i.prvInitialiseTaskLists                 0x0800131c   Section        0  tasks.o(i.prvInitialiseTaskLists)
    prvInitialiseTaskLists                   0x0800131d   Thumb Code    70  tasks.o(i.prvInitialiseTaskLists)
    i.prvInsertBlockIntoFreeList             0x08001384   Section        0  heap_4.o(i.prvInsertBlockIntoFreeList)
    prvInsertBlockIntoFreeList               0x08001385   Thumb Code    96  heap_4.o(i.prvInsertBlockIntoFreeList)
    i.prvInsertTimerInActiveList             0x080013ec   Section        0  timers.o(i.prvInsertTimerInActiveList)
    prvInsertTimerInActiveList               0x080013ed   Thumb Code    80  timers.o(i.prvInsertTimerInActiveList)
    i.prvIsQueueEmpty                        0x08001444   Section        0  queue.o(i.prvIsQueueEmpty)
    prvIsQueueEmpty                          0x08001445   Thumb Code    26  queue.o(i.prvIsQueueEmpty)
    i.prvIsQueueFull                         0x0800145e   Section        0  queue.o(i.prvIsQueueFull)
    prvIsQueueFull                           0x0800145f   Thumb Code    30  queue.o(i.prvIsQueueFull)
    i.prvListTasksWithinSingleList           0x0800147c   Section        0  tasks.o(i.prvListTasksWithinSingleList)
    prvListTasksWithinSingleList             0x0800147d   Thumb Code   106  tasks.o(i.prvListTasksWithinSingleList)
    i.prvNotifyQueueSetContainer             0x080014e6   Section        0  queue.o(i.prvNotifyQueueSetContainer)
    prvNotifyQueueSetContainer               0x080014e7   Thumb Code   172  queue.o(i.prvNotifyQueueSetContainer)
    i.prvProcessExpiredTimer                 0x08001594   Section        0  timers.o(i.prvProcessExpiredTimer)
    prvProcessExpiredTimer                   0x08001595   Thumb Code    62  timers.o(i.prvProcessExpiredTimer)
    i.prvProcessReceivedCommands             0x080015d8   Section        0  timers.o(i.prvProcessReceivedCommands)
    prvProcessReceivedCommands               0x080015d9   Thumb Code   326  timers.o(i.prvProcessReceivedCommands)
    i.prvProcessTimerOrBlockTask             0x08001724   Section        0  timers.o(i.prvProcessTimerOrBlockTask)
    prvProcessTimerOrBlockTask               0x08001725   Thumb Code   102  timers.o(i.prvProcessTimerOrBlockTask)
    i.prvReloadTimer                         0x08001798   Section        0  timers.o(i.prvReloadTimer)
    prvReloadTimer                           0x08001799   Thumb Code    40  timers.o(i.prvReloadTimer)
    i.prvResetNextTaskUnblockTime            0x080017c0   Section        0  tasks.o(i.prvResetNextTaskUnblockTime)
    prvResetNextTaskUnblockTime              0x080017c1   Thumb Code    40  tasks.o(i.prvResetNextTaskUnblockTime)
    i.prvSampleTimeNow                       0x080017f0   Section        0  timers.o(i.prvSampleTimeNow)
    prvSampleTimeNow                         0x080017f1   Thumb Code    40  timers.o(i.prvSampleTimeNow)
    i.prvSwitchTimerLists                    0x0800181c   Section        0  timers.o(i.prvSwitchTimerLists)
    prvSwitchTimerLists                      0x0800181d   Thumb Code    58  timers.o(i.prvSwitchTimerLists)
    i.prvTaskCheckFreeStackSpace             0x08001860   Section        0  tasks.o(i.prvTaskCheckFreeStackSpace)
    prvTaskCheckFreeStackSpace               0x08001861   Thumb Code    22  tasks.o(i.prvTaskCheckFreeStackSpace)
    i.prvTaskExitError                       0x08001878   Section        0  port.o(i.prvTaskExitError)
    prvTaskExitError                         0x08001879   Thumb Code    60  port.o(i.prvTaskExitError)
    i.prvTimerTask                           0x080018b8   Section        0  timers.o(i.prvTimerTask)
    prvTimerTask                             0x080018b9   Thumb Code    26  timers.o(i.prvTimerTask)
    i.prvUnlockQueue                         0x080018d2   Section        0  queue.o(i.prvUnlockQueue)
    prvUnlockQueue                           0x080018d3   Thumb Code   144  queue.o(i.prvUnlockQueue)
    i.prvWriteNameToBuffer                   0x08001962   Section        0  tasks.o(i.prvWriteNameToBuffer)
    prvWriteNameToBuffer                     0x08001963   Thumb Code    42  tasks.o(i.prvWriteNameToBuffer)
    i.pvPortMalloc                           0x0800198c   Section        0  heap_4.o(i.pvPortMalloc)
    i.pxPortInitialiseStack                  0x08001af8   Section        0  port.o(i.pxPortInitialiseStack)
    i.rcu_clock_freq_get                     0x08001b1c   Section        0  gd32f20x_rcu.o(i.rcu_clock_freq_get)
    i.rcu_periph_clock_enable                0x08001c88   Section        0  gd32f20x_rcu.o(i.rcu_periph_clock_enable)
    i.rcu_periph_reset_disable               0x08001ca8   Section        0  gd32f20x_rcu.o(i.rcu_periph_reset_disable)
    i.rcu_periph_reset_enable                0x08001cc8   Section        0  gd32f20x_rcu.o(i.rcu_periph_reset_enable)
    i.runtime_task                           0x08001ce8   Section        0  led.o(i.runtime_task)
    i.start_task                             0x08001dc0   Section        0  main.o(i.start_task)
    i.system_clock_120m_hxtal                0x08002064   Section        0  system_gd32f20x.o(i.system_clock_120m_hxtal)
    system_clock_120m_hxtal                  0x08002065   Thumb Code   210  system_gd32f20x.o(i.system_clock_120m_hxtal)
    i.system_clock_config                    0x08002148   Section        0  system_gd32f20x.o(i.system_clock_config)
    system_clock_config                      0x08002149   Thumb Code     8  system_gd32f20x.o(i.system_clock_config)
    i.systick_clksource_set                  0x08002150   Section        0  gd32f20x_misc.o(i.systick_clksource_set)
    i.systick_config                         0x08002178   Section        0  systick.o(i.systick_config)
    i.timer_auto_reload_shadow_enable        0x080021bc   Section        0  gd32f20x_timer.o(i.timer_auto_reload_shadow_enable)
    i.timer_enable                           0x080021c6   Section        0  gd32f20x_timer.o(i.timer_enable)
    i.timer_init                             0x080021d0   Section        0  gd32f20x_timer.o(i.timer_init)
    i.timer_interrupt_enable                 0x080022b0   Section        0  gd32f20x_timer.o(i.timer_interrupt_enable)
    i.timer_interrupt_flag_clear             0x080022b8   Section        0  gd32f20x_timer.o(i.timer_interrupt_flag_clear)
    i.usart_baudrate_set                     0x080022c0   Section        0  gd32f20x_usart.o(i.usart_baudrate_set)
    i.usart_config                           0x08002384   Section        0  usart.o(i.usart_config)
    i.usart_data_receive                     0x080023e8   Section        0  gd32f20x_usart.o(i.usart_data_receive)
    i.usart_data_transmit                    0x080023f2   Section        0  gd32f20x_usart.o(i.usart_data_transmit)
    i.usart_deinit                           0x080023fc   Section        0  gd32f20x_usart.o(i.usart_deinit)
    i.usart_enable                           0x080024d8   Section        0  gd32f20x_usart.o(i.usart_enable)
    i.usart_flag_get                         0x080024e2   Section        0  gd32f20x_usart.o(i.usart_flag_get)
    i.usart_hardware_flow_cts_config         0x08002500   Section        0  gd32f20x_usart.o(i.usart_hardware_flow_cts_config)
    i.usart_hardware_flow_rts_config         0x08002514   Section        0  gd32f20x_usart.o(i.usart_hardware_flow_rts_config)
    i.usart_interrupt_enable                 0x08002528   Section        0  gd32f20x_usart.o(i.usart_interrupt_enable)
    i.usart_interrupt_flag_clear             0x08002542   Section        0  gd32f20x_usart.o(i.usart_interrupt_flag_clear)
    i.usart_interrupt_flag_get               0x08002554   Section        0  gd32f20x_usart.o(i.usart_interrupt_flag_get)
    i.usart_parity_config                    0x0800258c   Section        0  gd32f20x_usart.o(i.usart_parity_config)
    i.usart_receive_config                   0x0800259c   Section        0  gd32f20x_usart.o(i.usart_receive_config)
    i.usart_stop_bit_set                     0x080025b0   Section        0  gd32f20x_usart.o(i.usart_stop_bit_set)
    i.usart_transmit_config                  0x080025c0   Section        0  gd32f20x_usart.o(i.usart_transmit_config)
    i.usart_word_length_set                  0x080025d4   Section        0  gd32f20x_usart.o(i.usart_word_length_set)
    i.uxListRemove                           0x080025e4   Section        0  list.o(i.uxListRemove)
    i.uxQueueMessagesWaiting                 0x0800260c   Section        0  queue.o(i.uxQueueMessagesWaiting)
    i.uxTaskGetSystemState                   0x08002638   Section        0  tasks.o(i.uxTaskGetSystemState)
    i.vListInitialise                        0x080026f0   Section        0  list.o(i.vListInitialise)
    i.vListInitialiseItem                    0x0800270a   Section        0  list.o(i.vListInitialiseItem)
    i.vListInsert                            0x08002710   Section        0  list.o(i.vListInsert)
    i.vListInsertEnd                         0x08002744   Section        0  list.o(i.vListInsertEnd)
    i.vPortEnterCritical                     0x0800275c   Section        0  port.o(i.vPortEnterCritical)
    i.vPortExitCritical                      0x080027b0   Section        0  port.o(i.vPortExitCritical)
    i.vPortFree                              0x080027ec   Section        0  heap_4.o(i.vPortFree)
    i.vPortSetupTimerInterrupt               0x08002890   Section        0  port.o(i.vPortSetupTimerInterrupt)
    i.vPortValidateInterruptPriority         0x080028b8   Section        0  port.o(i.vPortValidateInterruptPriority)
    i.vQueueWaitForMessageRestricted         0x08002930   Section        0  queue.o(i.vQueueWaitForMessageRestricted)
    i.vTaskDelay                             0x0800297c   Section        0  tasks.o(i.vTaskDelay)
    i.vTaskDelete                            0x080029d8   Section        0  tasks.o(i.vTaskDelete)
    i.vTaskGetInfo                           0x08002ad4   Section        0  tasks.o(i.vTaskGetInfo)
    i.vTaskGetRunTimeStats                   0x08002b58   Section        0  tasks.o(i.vTaskGetRunTimeStats)
    i.vTaskInternalSetTimeOutState           0x08002c1c   Section        0  tasks.o(i.vTaskInternalSetTimeOutState)
    i.vTaskMissedYield                       0x08002c34   Section        0  tasks.o(i.vTaskMissedYield)
    i.vTaskPlaceOnEventList                  0x08002c40   Section        0  tasks.o(i.vTaskPlaceOnEventList)
    i.vTaskPlaceOnEventListRestricted        0x08002c78   Section        0  tasks.o(i.vTaskPlaceOnEventListRestricted)
    i.vTaskStartScheduler                    0x08002cdc   Section        0  tasks.o(i.vTaskStartScheduler)
    i.vTaskSuspendAll                        0x08002d7c   Section        0  tasks.o(i.vTaskSuspendAll)
    i.vTaskSwitchContext                     0x08002d8c   Section        0  tasks.o(i.vTaskSwitchContext)
    i.xPortStartScheduler                    0x08002e58   Section        0  port.o(i.xPortStartScheduler)
    i.xQueueGenericCreate                    0x08002f50   Section        0  queue.o(i.xQueueGenericCreate)
    i.xQueueGenericReset                     0x08002fb8   Section        0  queue.o(i.xQueueGenericReset)
    i.xQueueGenericSend                      0x08003094   Section        0  queue.o(i.xQueueGenericSend)
    i.xQueueGenericSendFromISR               0x0800326c   Section        0  queue.o(i.xQueueGenericSendFromISR)
    i.xQueueReceive                          0x080033a4   Section        0  queue.o(i.xQueueReceive)
    i.xTaskCheckForTimeOut                   0x0800350c   Section        0  tasks.o(i.xTaskCheckForTimeOut)
    i.xTaskCreate                            0x080035b8   Section        0  tasks.o(i.xTaskCreate)
    i.xTaskGetSchedulerState                 0x08003618   Section        0  tasks.o(i.xTaskGetSchedulerState)
    i.xTaskGetTickCount                      0x08003638   Section        0  tasks.o(i.xTaskGetTickCount)
    i.xTaskIncrementTick                     0x08003644   Section        0  tasks.o(i.xTaskIncrementTick)
    i.xTaskPriorityDisinherit                0x08003800   Section        0  tasks.o(i.xTaskPriorityDisinherit)
    i.xTaskRemoveFromEventList               0x080038f0   Section        0  tasks.o(i.xTaskRemoveFromEventList)
    i.xTaskResumeAll                         0x08003a10   Section        0  tasks.o(i.xTaskResumeAll)
    i.xTimerCreate                           0x08003b88   Section        0  timers.o(i.xTimerCreate)
    i.xTimerCreateTimerTask                  0x08003bc0   Section        0  timers.o(i.xTimerCreateTimerTask)
    i.xTimerGenericCommand                   0x08003c14   Section        0  timers.o(i.xTimerGenericCommand)
    .data                                    0x20000000   Section       28  main.o(.data)
    RuningLEDTimerInterval                   0x20000014   Data           4  main.o(.data)
    .data                                    0x2000001c   Section        7  systick.o(.data)
    delay                                    0x2000001c   Data           4  systick.o(.data)
    fac_ms                                   0x20000020   Data           2  systick.o(.data)
    fac_us                                   0x20000022   Data           1  systick.o(.data)
    .data                                    0x20000023   Section        1  led.o(.data)
    flag                                     0x20000023   Data           1  led.o(.data)
    .data                                    0x20000024   Section       13  usart.o(.data)
    .data                                    0x20000034   Section        4  btim.o(.data)
    .data                                    0x20000038   Section        4  system_gd32f20x.o(.data)
    .data                                    0x2000003c   Section       72  tasks.o(.data)
    pxDelayedTaskList                        0x20000040   Data           4  tasks.o(.data)
    pxOverflowDelayedTaskList                0x20000044   Data           4  tasks.o(.data)
    uxDeletedTasksWaitingCleanUp             0x20000048   Data           4  tasks.o(.data)
    uxCurrentNumberOfTasks                   0x2000004c   Data           4  tasks.o(.data)
    xTickCount                               0x20000050   Data           4  tasks.o(.data)
    uxTopReadyPriority                       0x20000054   Data           4  tasks.o(.data)
    xSchedulerRunning                        0x20000058   Data           4  tasks.o(.data)
    xPendedTicks                             0x2000005c   Data           4  tasks.o(.data)
    xYieldPending                            0x20000060   Data           4  tasks.o(.data)
    xNumOfOverflows                          0x20000064   Data           4  tasks.o(.data)
    uxTaskNumber                             0x20000068   Data           4  tasks.o(.data)
    xNextTaskUnblockTime                     0x2000006c   Data           4  tasks.o(.data)
    xIdleTaskHandle                          0x20000070   Data           4  tasks.o(.data)
    uxSchedulerSuspended                     0x20000078   Data           4  tasks.o(.data)
    ulTaskSwitchedInTime                     0x2000007c   Data           4  tasks.o(.data)
    ulTotalRunTime                           0x20000080   Data           4  tasks.o(.data)
    .data                                    0x20000084   Section       20  timers.o(.data)
    pxCurrentTimerList                       0x20000084   Data           4  timers.o(.data)
    pxOverflowTimerList                      0x20000088   Data           4  timers.o(.data)
    xTimerQueue                              0x2000008c   Data           4  timers.o(.data)
    xTimerTaskHandle                         0x20000090   Data           4  timers.o(.data)
    xLastTime                                0x20000094   Data           4  timers.o(.data)
    .data                                    0x20000098   Section       32  heap_4.o(.data)
    xStart                                   0x20000098   Data           8  heap_4.o(.data)
    pxEnd                                    0x200000a0   Data           4  heap_4.o(.data)
    xFreeBytesRemaining                      0x200000a4   Data           4  heap_4.o(.data)
    xMinimumEverFreeBytesRemaining           0x200000a8   Data           4  heap_4.o(.data)
    xNumberOfSuccessfulAllocations           0x200000ac   Data           4  heap_4.o(.data)
    xNumberOfSuccessfulFrees                 0x200000b0   Data           4  heap_4.o(.data)
    xBlockAllocatedBit                       0x200000b4   Data           4  heap_4.o(.data)
    .data                                    0x200000b8   Section       12  port.o(.data)
    uxCriticalNesting                        0x200000b8   Data           4  port.o(.data)
    ucMaxSysCallPriority                     0x200000bc   Data           1  port.o(.data)
    ulMaxPRIGROUPValue                       0x200000c0   Data           4  port.o(.data)
    .data                                    0x200000c4   Section        4  stdout.o(.data)
    .data                                    0x200000c8   Section        4  mvars.o(.data)
    .data                                    0x200000cc   Section        4  mvars.o(.data)
    .bss                                     0x200000d0   Section    10240  led.o(.bss)
    runtime_info                             0x200000d0   Data       10240  led.o(.bss)
    .bss                                     0x200028d0   Section      740  tasks.o(.bss)
    pxReadyTasksLists                        0x200028d0   Data         640  tasks.o(.bss)
    xDelayedTaskList1                        0x20002b50   Data          20  tasks.o(.bss)
    xDelayedTaskList2                        0x20002b64   Data          20  tasks.o(.bss)
    xPendingReadyList                        0x20002b78   Data          20  tasks.o(.bss)
    xTasksWaitingTermination                 0x20002b8c   Data          20  tasks.o(.bss)
    xSuspendedTaskList                       0x20002ba0   Data          20  tasks.o(.bss)
    .bss                                     0x20002bb4   Section       40  timers.o(.bss)
    xActiveTimerList1                        0x20002bb4   Data          20  timers.o(.bss)
    xActiveTimerList2                        0x20002bc8   Data          20  timers.o(.bss)
    .bss                                     0x20002bdc   Section    65536  heap_4.o(.bss)
    ucHeap                                   0x20002bdc   Data       65536  heap_4.o(.bss)
    HEAP                                     0x20012be0   Section     8192  startup_gd32f20x_cl.o(HEAP)
    STACK                                    0x20014be0   Section     8192  startup_gd32f20x_cl.o(STACK)

    Global Symbols

    Symbol Name                              Value     Ov Type        Size  Object(Section)

    BuildAttributes$$THM_ISAv4$P$D$K$B$S$PE$A:L22UL41UL21$X:L11$S22US41US21$IEEE1$IW$USESV6$~STKCKD$USESV7$~SHL$OSPACE$ROPI$EBA8$MICROLIB$REQ8$PRES8$EABIv2 0x00000000   Number         0  anon$$obj.o ABSOLUTE
    __ARM_use_no_argv                        0x00000000   Number         0  main.o ABSOLUTE
    _printf_a                                0x00000000   Number         0  stubs.o ABSOLUTE
    _printf_c                                0x00000000   Number         0  stubs.o ABSOLUTE
    _printf_charcount                        0x00000000   Number         0  stubs.o ABSOLUTE
    _printf_d                                0x00000000   Number         0  stubs.o ABSOLUTE
    _printf_e                                0x00000000   Number         0  stubs.o ABSOLUTE
    _printf_f                                0x00000000   Number         0  stubs.o ABSOLUTE
    _printf_flags                            0x00000000   Number         0  stubs.o ABSOLUTE
    _printf_fp_dec                           0x00000000   Number         0  stubs.o ABSOLUTE
    _printf_fp_hex                           0x00000000   Number         0  stubs.o ABSOLUTE
    _printf_g                                0x00000000   Number         0  stubs.o ABSOLUTE
    _printf_i                                0x00000000   Number         0  stubs.o ABSOLUTE
    _printf_int_dec                          0x00000000   Number         0  stubs.o ABSOLUTE
    _printf_l                                0x00000000   Number         0  stubs.o ABSOLUTE
    _printf_lc                               0x00000000   Number         0  stubs.o ABSOLUTE
    _printf_ll                               0x00000000   Number         0  stubs.o ABSOLUTE
    _printf_lld                              0x00000000   Number         0  stubs.o ABSOLUTE
    _printf_lli                              0x00000000   Number         0  stubs.o ABSOLUTE
    _printf_llo                              0x00000000   Number         0  stubs.o ABSOLUTE
    _printf_llu                              0x00000000   Number         0  stubs.o ABSOLUTE
    _printf_llx                              0x00000000   Number         0  stubs.o ABSOLUTE
    _printf_longlong_dec                     0x00000000   Number         0  stubs.o ABSOLUTE
    _printf_longlong_hex                     0x00000000   Number         0  stubs.o ABSOLUTE
    _printf_longlong_oct                     0x00000000   Number         0  stubs.o ABSOLUTE
    _printf_ls                               0x00000000   Number         0  stubs.o ABSOLUTE
    _printf_mbtowc                           0x00000000   Number         0  stubs.o ABSOLUTE
    _printf_n                                0x00000000   Number         0  stubs.o ABSOLUTE
    _printf_o                                0x00000000   Number         0  stubs.o ABSOLUTE
    _printf_p                                0x00000000   Number         0  stubs.o ABSOLUTE
    _printf_percent                          0x00000000   Number         0  stubs.o ABSOLUTE
    _printf_pre_padding                      0x00000000   Number         0  stubs.o ABSOLUTE
    _printf_return_value                     0x00000000   Number         0  stubs.o ABSOLUTE
    _printf_s                                0x00000000   Number         0  stubs.o ABSOLUTE
    _printf_sizespec                         0x00000000   Number         0  stubs.o ABSOLUTE
    _printf_str                              0x00000000   Number         0  stubs.o ABSOLUTE
    _printf_truncate_signed                  0x00000000   Number         0  stubs.o ABSOLUTE
    _printf_truncate_unsigned                0x00000000   Number         0  stubs.o ABSOLUTE
    _printf_u                                0x00000000   Number         0  stubs.o ABSOLUTE
    _printf_wc                               0x00000000   Number         0  stubs.o ABSOLUTE
    _printf_wctomb                           0x00000000   Number         0  stubs.o ABSOLUTE
    _printf_widthprec                        0x00000000   Number         0  stubs.o ABSOLUTE
    _printf_x                                0x00000000   Number         0  stubs.o ABSOLUTE
    __arm_fini_                               - Undefined Weak Reference
    __cpp_initialize__aeabi_                  - Undefined Weak Reference
    __cxa_finalize                            - Undefined Weak Reference
    __decompress                              - Undefined Weak Reference
    _clock_init                               - Undefined Weak Reference
    _microlib_exit                            - Undefined Weak Reference
    __Vectors_Size                           0x000001a8   Number         0  startup_gd32f20x_cl.o ABSOLUTE
    __Vectors                                0x08000000   Data           4  startup_gd32f20x_cl.o(RESET)
    __Vectors_End                            0x080001a8   Data           0  startup_gd32f20x_cl.o(RESET)
    __main                                   0x080001a9   Thumb Code     0  entry.o(.ARM.Collect$$$$00000000)
    _main_stk                                0x080001a9   Thumb Code     0  entry2.o(.ARM.Collect$$$$00000001)
    _main_scatterload                        0x080001ad   Thumb Code     0  entry5.o(.ARM.Collect$$$$00000004)
    __main_after_scatterload                 0x080001b1   Thumb Code     0  entry5.o(.ARM.Collect$$$$00000004)
    _main_clock                              0x080001b1   Thumb Code     0  entry7b.o(.ARM.Collect$$$$00000008)
    _main_cpp_init                           0x080001b1   Thumb Code     0  entry8b.o(.ARM.Collect$$$$0000000A)
    _main_init                               0x080001b1   Thumb Code     0  entry9a.o(.ARM.Collect$$$$0000000B)
    __rt_lib_shutdown_fini                   0x080001b9   Thumb Code     0  entry12b.o(.ARM.Collect$$$$0000000E)
    __rt_final_cpp                           0x080001bd   Thumb Code     0  entry10a.o(.ARM.Collect$$$$0000000F)
    __rt_final_exit                          0x080001bd   Thumb Code     0  entry11a.o(.ARM.Collect$$$$00000011)
    SVC_Handler                              0x080001c1   Thumb Code    32  port.o(.emb_text)
    __asm___6_port_c_39a90d8d__prvStartFirstTask 0x080001e5   Thumb Code    28  port.o(.emb_text)
    PendSV_Handler                           0x08000205   Thumb Code    72  port.o(.emb_text)
    vPortGetIPSR                             0x08000251   Thumb Code     6  port.o(.emb_text)
    Reset_Handler                            0x08000259   Thumb Code     8  startup_gd32f20x_cl.o(.text)
    ADC0_1_IRQHandler                        0x08000273   Thumb Code     0  startup_gd32f20x_cl.o(.text)
    ADC2_IRQHandler                          0x08000273   Thumb Code     0  startup_gd32f20x_cl.o(.text)
    CAN0_EWMC_IRQHandler                     0x08000273   Thumb Code     0  startup_gd32f20x_cl.o(.text)
    CAN0_RX0_IRQHandler                      0x08000273   Thumb Code     0  startup_gd32f20x_cl.o(.text)
    CAN0_RX1_IRQHandler                      0x08000273   Thumb Code     0  startup_gd32f20x_cl.o(.text)
    CAN0_TX_IRQHandler                       0x08000273   Thumb Code     0  startup_gd32f20x_cl.o(.text)
    CAN1_EWMC_IRQHandler                     0x08000273   Thumb Code     0  startup_gd32f20x_cl.o(.text)
    CAN1_RX0_IRQHandler                      0x08000273   Thumb Code     0  startup_gd32f20x_cl.o(.text)
    CAN1_RX1_IRQHandler                      0x08000273   Thumb Code     0  startup_gd32f20x_cl.o(.text)
    CAN1_TX_IRQHandler                       0x08000273   Thumb Code     0  startup_gd32f20x_cl.o(.text)
    CAU_IRQHandler                           0x08000273   Thumb Code     0  startup_gd32f20x_cl.o(.text)
    DCI_IRQHandler                           0x08000273   Thumb Code     0  startup_gd32f20x_cl.o(.text)
    DMA0_Channel0_IRQHandler                 0x08000273   Thumb Code     0  startup_gd32f20x_cl.o(.text)
    DMA0_Channel1_IRQHandler                 0x08000273   Thumb Code     0  startup_gd32f20x_cl.o(.text)
    DMA0_Channel2_IRQHandler                 0x08000273   Thumb Code     0  startup_gd32f20x_cl.o(.text)
    DMA0_Channel3_IRQHandler                 0x08000273   Thumb Code     0  startup_gd32f20x_cl.o(.text)
    DMA0_Channel4_IRQHandler                 0x08000273   Thumb Code     0  startup_gd32f20x_cl.o(.text)
    DMA0_Channel5_IRQHandler                 0x08000273   Thumb Code     0  startup_gd32f20x_cl.o(.text)
    DMA0_Channel6_IRQHandler                 0x08000273   Thumb Code     0  startup_gd32f20x_cl.o(.text)
    DMA1_Channel0_IRQHandler                 0x08000273   Thumb Code     0  startup_gd32f20x_cl.o(.text)
    DMA1_Channel1_IRQHandler                 0x08000273   Thumb Code     0  startup_gd32f20x_cl.o(.text)
    DMA1_Channel2_IRQHandler                 0x08000273   Thumb Code     0  startup_gd32f20x_cl.o(.text)
    DMA1_Channel3_IRQHandler                 0x08000273   Thumb Code     0  startup_gd32f20x_cl.o(.text)
    DMA1_Channel4_IRQHandler                 0x08000273   Thumb Code     0  startup_gd32f20x_cl.o(.text)
    DMA1_Channel5_IRQHandler                 0x08000273   Thumb Code     0  startup_gd32f20x_cl.o(.text)
    DMA1_Channel6_IRQHandler                 0x08000273   Thumb Code     0  startup_gd32f20x_cl.o(.text)
    ENET_IRQHandler                          0x08000273   Thumb Code     0  startup_gd32f20x_cl.o(.text)
    ENET_WKUP_IRQHandler                     0x08000273   Thumb Code     0  startup_gd32f20x_cl.o(.text)
    EXMC_IRQHandler                          0x08000273   Thumb Code     0  startup_gd32f20x_cl.o(.text)
    EXTI0_IRQHandler                         0x08000273   Thumb Code     0  startup_gd32f20x_cl.o(.text)
    EXTI10_15_IRQHandler                     0x08000273   Thumb Code     0  startup_gd32f20x_cl.o(.text)
    EXTI1_IRQHandler                         0x08000273   Thumb Code     0  startup_gd32f20x_cl.o(.text)
    EXTI2_IRQHandler                         0x08000273   Thumb Code     0  startup_gd32f20x_cl.o(.text)
    EXTI3_IRQHandler                         0x08000273   Thumb Code     0  startup_gd32f20x_cl.o(.text)
    EXTI4_IRQHandler                         0x08000273   Thumb Code     0  startup_gd32f20x_cl.o(.text)
    EXTI5_9_IRQHandler                       0x08000273   Thumb Code     0  startup_gd32f20x_cl.o(.text)
    FMC_IRQHandler                           0x08000273   Thumb Code     0  startup_gd32f20x_cl.o(.text)
    HAU_TRNG_IRQHandler                      0x08000273   Thumb Code     0  startup_gd32f20x_cl.o(.text)
    I2C0_ER_IRQHandler                       0x08000273   Thumb Code     0  startup_gd32f20x_cl.o(.text)
    I2C0_EV_IRQHandler                       0x08000273   Thumb Code     0  startup_gd32f20x_cl.o(.text)
    I2C1_ER_IRQHandler                       0x08000273   Thumb Code     0  startup_gd32f20x_cl.o(.text)
    I2C1_EV_IRQHandler                       0x08000273   Thumb Code     0  startup_gd32f20x_cl.o(.text)
    I2C2_ER_IRQHandler                       0x08000273   Thumb Code     0  startup_gd32f20x_cl.o(.text)
    I2C2_EV_IRQHandler                       0x08000273   Thumb Code     0  startup_gd32f20x_cl.o(.text)
    LVD_IRQHandler                           0x08000273   Thumb Code     0  startup_gd32f20x_cl.o(.text)
    RCU_IRQHandler                           0x08000273   Thumb Code     0  startup_gd32f20x_cl.o(.text)
    RTC_Alarm_IRQHandler                     0x08000273   Thumb Code     0  startup_gd32f20x_cl.o(.text)
    RTC_IRQHandler                           0x08000273   Thumb Code     0  startup_gd32f20x_cl.o(.text)
    SDIO_IRQHandler                          0x08000273   Thumb Code     0  startup_gd32f20x_cl.o(.text)
    SPI0_IRQHandler                          0x08000273   Thumb Code     0  startup_gd32f20x_cl.o(.text)
    SPI1_IRQHandler                          0x08000273   Thumb Code     0  startup_gd32f20x_cl.o(.text)
    SPI2_IRQHandler                          0x08000273   Thumb Code     0  startup_gd32f20x_cl.o(.text)
    TAMPER_IRQHandler                        0x08000273   Thumb Code     0  startup_gd32f20x_cl.o(.text)
    TIMER0_BRK_TIMER8_IRQHandler             0x08000273   Thumb Code     0  startup_gd32f20x_cl.o(.text)
    TIMER0_Channel_IRQHandler                0x08000273   Thumb Code     0  startup_gd32f20x_cl.o(.text)
    TIMER0_TRG_CMT_TIMER10_IRQHandler        0x08000273   Thumb Code     0  startup_gd32f20x_cl.o(.text)
    TIMER0_UP_TIMER9_IRQHandler              0x08000273   Thumb Code     0  startup_gd32f20x_cl.o(.text)
    TIMER2_IRQHandler                        0x08000273   Thumb Code     0  startup_gd32f20x_cl.o(.text)
    TIMER3_IRQHandler                        0x08000273   Thumb Code     0  startup_gd32f20x_cl.o(.text)
    TIMER4_IRQHandler                        0x08000273   Thumb Code     0  startup_gd32f20x_cl.o(.text)
    TIMER5_IRQHandler                        0x08000273   Thumb Code     0  startup_gd32f20x_cl.o(.text)
    TIMER6_IRQHandler                        0x08000273   Thumb Code     0  startup_gd32f20x_cl.o(.text)
    TIMER7_BRK_TIMER11_IRQHandler            0x08000273   Thumb Code     0  startup_gd32f20x_cl.o(.text)
    TIMER7_Channel_IRQHandler                0x08000273   Thumb Code     0  startup_gd32f20x_cl.o(.text)
    TIMER7_TRG_CMT_TIMER13_IRQHandler        0x08000273   Thumb Code     0  startup_gd32f20x_cl.o(.text)
    TIMER7_UP_TIMER12_IRQHandler             0x08000273   Thumb Code     0  startup_gd32f20x_cl.o(.text)
    TLI_ER_IRQHandler                        0x08000273   Thumb Code     0  startup_gd32f20x_cl.o(.text)
    TLI_IRQHandler                           0x08000273   Thumb Code     0  startup_gd32f20x_cl.o(.text)
    UART3_IRQHandler                         0x08000273   Thumb Code     0  startup_gd32f20x_cl.o(.text)
    UART4_IRQHandler                         0x08000273   Thumb Code     0  startup_gd32f20x_cl.o(.text)
    UART6_IRQHandler                         0x08000273   Thumb Code     0  startup_gd32f20x_cl.o(.text)
    UART7_IRQHandler                         0x08000273   Thumb Code     0  startup_gd32f20x_cl.o(.text)
    USART1_IRQHandler                        0x08000273   Thumb Code     0  startup_gd32f20x_cl.o(.text)
    USART5_IRQHandler                        0x08000273   Thumb Code     0  startup_gd32f20x_cl.o(.text)
    USBFS_IRQHandler                         0x08000273   Thumb Code     0  startup_gd32f20x_cl.o(.text)
    USBFS_WKUP_IRQHandler                    0x08000273   Thumb Code     0  startup_gd32f20x_cl.o(.text)
    WWDGT_IRQHandler                         0x08000273   Thumb Code     0  startup_gd32f20x_cl.o(.text)
    __aeabi_memcpy                           0x0800027d   Thumb Code    36  memcpya.o(.text)
    __aeabi_memcpy4                          0x0800027d   Thumb Code     0  memcpya.o(.text)
    __aeabi_memcpy8                          0x0800027d   Thumb Code     0  memcpya.o(.text)
    __aeabi_memset                           0x080002a1   Thumb Code    14  memseta.o(.text)
    __aeabi_memset4                          0x080002a1   Thumb Code     0  memseta.o(.text)
    __aeabi_memset8                          0x080002a1   Thumb Code     0  memseta.o(.text)
    __aeabi_memclr                           0x080002af   Thumb Code     4  memseta.o(.text)
    __aeabi_memclr4                          0x080002af   Thumb Code     0  memseta.o(.text)
    __aeabi_memclr8                          0x080002af   Thumb Code     0  memseta.o(.text)
    memset                                   0x080002b3   Thumb Code    18  memseta.o(.text)
    strlen                                   0x080002c5   Thumb Code    14  strlen.o(.text)
    strcpy                                   0x080002d3   Thumb Code    18  strcpy.o(.text)
    __aeabi_uidiv                            0x080002e5   Thumb Code     0  uidiv.o(.text)
    __aeabi_uidivmod                         0x080002e5   Thumb Code    44  uidiv.o(.text)
    __scatterload                            0x08000311   Thumb Code    28  init.o(.text)
    __scatterload_rt2                        0x08000311   Thumb Code     0  init.o(.text)
    BusFault_Handler                         0x08000335   Thumb Code     4  gd32f20x_it.o(i.BusFault_Handler)
    DebugMon_Handler                         0x08000339   Thumb Code     2  gd32f20x_it.o(i.DebugMon_Handler)
    HardFault_Handler                        0x0800033b   Thumb Code     4  gd32f20x_it.o(i.HardFault_Handler)
    MemManage_Handler                        0x0800033f   Thumb Code     4  gd32f20x_it.o(i.MemManage_Handler)
    NMI_Handler                              0x08000343   Thumb Code     2  gd32f20x_it.o(i.NMI_Handler)
    SysTick_Handler                          0x08000345   Thumb Code    46  port.o(i.SysTick_Handler)
    SystemInit                               0x08000379   Thumb Code   124  system_gd32f20x.o(i.SystemInit)
    TIMER1_IRQHandler                        0x08000409   Thumb Code    22  btim.o(i.TIMER1_IRQHandler)
    Timer1Callback                           0x08000425   Thumb Code    10  led.o(i.Timer1Callback)
    USART0_IRQHandler                        0x08000431   Thumb Code    70  usart.o(i.USART0_IRQHandler)
    USART2_IRQHandler                        0x08000489   Thumb Code    70  usart.o(i.USART2_IRQHandler)
    UsageFault_Handler                       0x080004e1   Thumb Code     4  gd32f20x_it.o(i.UsageFault_Handler)
    __0printf$3                              0x080004e5   Thumb Code    22  printf3.o(i.__0printf$3)
    __1printf$3                              0x080004e5   Thumb Code     0  printf3.o(i.__0printf$3)
    __2printf                                0x080004e5   Thumb Code     0  printf3.o(i.__0printf$3)
    __0sprintf$3                             0x08000505   Thumb Code    34  printf3.o(i.__0sprintf$3)
    __1sprintf$3                             0x08000505   Thumb Code     0  printf3.o(i.__0sprintf$3)
    __2sprintf                               0x08000505   Thumb Code     0  printf3.o(i.__0sprintf$3)
    __scatterload_copy                       0x0800052d   Thumb Code    14  handlers.o(i.__scatterload_copy)
    __scatterload_null                       0x0800053b   Thumb Code     2  handlers.o(i.__scatterload_null)
    __scatterload_zeroinit                   0x0800053d   Thumb Code    14  handlers.o(i.__scatterload_zeroinit)
    beep_task                                0x08000711   Thumb Code    24  led.o(i.beep_task)
    btim_tim1_int_init                       0x08000735   Thumb Code    84  btim.o(i.btim_tim1_int_init)
    configureTimeForRunTimeStats             0x08000789   Thumb Code    20  btim.o(i.configureTimeForRunTimeStats)
    eTaskGetState                            0x080007a1   Thumb Code   142  tasks.o(i.eTaskGetState)
    fputc                                    0x08000845   Thumb Code    32  usart.o(i.fputc)
    free                                     0x08000869   Thumb Code    76  malloc.o(i.free)
    gpio_bit_reset                           0x080008b9   Thumb Code     4  gd32f20x_gpio.o(i.gpio_bit_reset)
    gpio_bit_set                             0x080008bd   Thumb Code     4  gd32f20x_gpio.o(i.gpio_bit_set)
    gpio_config                              0x080008c1   Thumb Code    64  gpio.o(i.gpio_config)
    gpio_init                                0x08000909   Thumb Code   172  gd32f20x_gpio.o(i.gpio_init)
    init_com0                                0x080009b5   Thumb Code    84  usart.o(i.init_com0)
    init_receive_queue                       0x08000a11   Thumb Code    50  usart.o(i.init_receive_queue)
    interrupt_task                           0x08000a99   Thumb Code    22  led.o(i.interrupt_task)
    judge_message                            0x08000ab1   Thumb Code    66  interrupt.o(i.judge_message)
    led_task                                 0x08000b31   Thumb Code    24  led.o(i.led_task)
    led_toggle                               0x08000b55   Thumb Code    58  led.o(i.led_toggle)
    main                                     0x08000bc1   Thumb Code   110  main.o(i.main)
    malloc                                   0x08000cb1   Thumb Code    92  malloc.o(i.malloc)
    nvic_irq_enable                          0x08000d1d   Thumb Code   162  gd32f20x_misc.o(i.nvic_irq_enable)
    nvic_priority_group_set                  0x08000dc9   Thumb Code    10  gd32f20x_misc.o(i.nvic_priority_group_set)
    pvPortMalloc                             0x0800198d   Thumb Code   338  heap_4.o(i.pvPortMalloc)
    pxPortInitialiseStack                    0x08001af9   Thumb Code    30  port.o(i.pxPortInitialiseStack)
    rcu_clock_freq_get                       0x08001b1d   Thumb Code   336  gd32f20x_rcu.o(i.rcu_clock_freq_get)
    rcu_periph_clock_enable                  0x08001c89   Thumb Code    28  gd32f20x_rcu.o(i.rcu_periph_clock_enable)
    rcu_periph_reset_disable                 0x08001ca9   Thumb Code    28  gd32f20x_rcu.o(i.rcu_periph_reset_disable)
    rcu_periph_reset_enable                  0x08001cc9   Thumb Code    28  gd32f20x_rcu.o(i.rcu_periph_reset_enable)
    runtime_task                             0x08001ce9   Thumb Code   100  led.o(i.runtime_task)
    start_task                               0x08001dc1   Thumb Code   248  main.o(i.start_task)
    systick_clksource_set                    0x08002151   Thumb Code    40  gd32f20x_misc.o(i.systick_clksource_set)
    systick_config                           0x08002179   Thumb Code    50  systick.o(i.systick_config)
    timer_auto_reload_shadow_enable          0x080021bd   Thumb Code    10  gd32f20x_timer.o(i.timer_auto_reload_shadow_enable)
    timer_enable                             0x080021c7   Thumb Code    10  gd32f20x_timer.o(i.timer_enable)
    timer_init                               0x080021d1   Thumb Code   170  gd32f20x_timer.o(i.timer_init)
    timer_interrupt_enable                   0x080022b1   Thumb Code     8  gd32f20x_timer.o(i.timer_interrupt_enable)
    timer_interrupt_flag_clear               0x080022b9   Thumb Code     6  gd32f20x_timer.o(i.timer_interrupt_flag_clear)
    usart_baudrate_set                       0x080022c1   Thumb Code   186  gd32f20x_usart.o(i.usart_baudrate_set)
    usart_config                             0x08002385   Thumb Code   100  usart.o(i.usart_config)
    usart_data_receive                       0x080023e9   Thumb Code    10  gd32f20x_usart.o(i.usart_data_receive)
    usart_data_transmit                      0x080023f3   Thumb Code     8  gd32f20x_usart.o(i.usart_data_transmit)
    usart_deinit                             0x080023fd   Thumb Code   210  gd32f20x_usart.o(i.usart_deinit)
    usart_enable                             0x080024d9   Thumb Code    10  gd32f20x_usart.o(i.usart_enable)
    usart_flag_get                           0x080024e3   Thumb Code    30  gd32f20x_usart.o(i.usart_flag_get)
    usart_hardware_flow_cts_config           0x08002501   Thumb Code    20  gd32f20x_usart.o(i.usart_hardware_flow_cts_config)
    usart_hardware_flow_rts_config           0x08002515   Thumb Code    20  gd32f20x_usart.o(i.usart_hardware_flow_rts_config)
    usart_interrupt_enable                   0x08002529   Thumb Code    26  gd32f20x_usart.o(i.usart_interrupt_enable)
    usart_interrupt_flag_clear               0x08002543   Thumb Code    18  gd32f20x_usart.o(i.usart_interrupt_flag_clear)
    usart_interrupt_flag_get                 0x08002555   Thumb Code    56  gd32f20x_usart.o(i.usart_interrupt_flag_get)
    usart_parity_config                      0x0800258d   Thumb Code    16  gd32f20x_usart.o(i.usart_parity_config)
    usart_receive_config                     0x0800259d   Thumb Code    20  gd32f20x_usart.o(i.usart_receive_config)
    usart_stop_bit_set                       0x080025b1   Thumb Code    16  gd32f20x_usart.o(i.usart_stop_bit_set)
    usart_transmit_config                    0x080025c1   Thumb Code    20  gd32f20x_usart.o(i.usart_transmit_config)
    usart_word_length_set                    0x080025d5   Thumb Code    16  gd32f20x_usart.o(i.usart_word_length_set)
    uxListRemove                             0x080025e5   Thumb Code    40  list.o(i.uxListRemove)
    uxQueueMessagesWaiting                   0x0800260d   Thumb Code    42  queue.o(i.uxQueueMessagesWaiting)
    uxTaskGetSystemState                     0x08002639   Thumb Code   154  tasks.o(i.uxTaskGetSystemState)
    vListInitialise                          0x080026f1   Thumb Code    26  list.o(i.vListInitialise)
    vListInitialiseItem                      0x0800270b   Thumb Code     6  list.o(i.vListInitialiseItem)
    vListInsert                              0x08002711   Thumb Code    52  list.o(i.vListInsert)
    vListInsertEnd                           0x08002745   Thumb Code    24  list.o(i.vListInsertEnd)
    vPortEnterCritical                       0x0800275d   Thumb Code    76  port.o(i.vPortEnterCritical)
    vPortExitCritical                        0x080027b1   Thumb Code    56  port.o(i.vPortExitCritical)
    vPortFree                                0x080027ed   Thumb Code   150  heap_4.o(i.vPortFree)
    vPortSetupTimerInterrupt                 0x08002891   Thumb Code    34  port.o(i.vPortSetupTimerInterrupt)
    vPortValidateInterruptPriority           0x080028b9   Thumb Code   106  port.o(i.vPortValidateInterruptPriority)
    vQueueWaitForMessageRestricted           0x08002931   Thumb Code    74  queue.o(i.vQueueWaitForMessageRestricted)
    vTaskDelay                               0x0800297d   Thumb Code    82  tasks.o(i.vTaskDelay)
    vTaskDelete                              0x080029d9   Thumb Code   210  tasks.o(i.vTaskDelete)
    vTaskGetInfo                             0x08002ad5   Thumb Code   126  tasks.o(i.vTaskGetInfo)
    vTaskGetRunTimeStats                     0x08002b59   Thumb Code   168  tasks.o(i.vTaskGetRunTimeStats)
    vTaskInternalSetTimeOutState             0x08002c1d   Thumb Code    14  tasks.o(i.vTaskInternalSetTimeOutState)
    vTaskMissedYield                         0x08002c35   Thumb Code     8  tasks.o(i.vTaskMissedYield)
    vTaskPlaceOnEventList                    0x08002c41   Thumb Code    52  tasks.o(i.vTaskPlaceOnEventList)
    vTaskPlaceOnEventListRestricted          0x08002c79   Thumb Code    94  tasks.o(i.vTaskPlaceOnEventListRestricted)
    vTaskStartScheduler                      0x08002cdd   Thumb Code   128  tasks.o(i.vTaskStartScheduler)
    vTaskSuspendAll                          0x08002d7d   Thumb Code    12  tasks.o(i.vTaskSuspendAll)
    vTaskSwitchContext                       0x08002d8d   Thumb Code   170  tasks.o(i.vTaskSwitchContext)
    xPortStartScheduler                      0x08002e59   Thumb Code   228  port.o(i.xPortStartScheduler)
    xQueueGenericCreate                      0x08002f51   Thumb Code   102  queue.o(i.xQueueGenericCreate)
    xQueueGenericReset                       0x08002fb9   Thumb Code   214  queue.o(i.xQueueGenericReset)
    xQueueGenericSend                        0x08003095   Thumb Code   466  queue.o(i.xQueueGenericSend)
    xQueueGenericSendFromISR                 0x0800326d   Thumb Code   310  queue.o(i.xQueueGenericSendFromISR)
    xQueueReceive                            0x080033a5   Thumb Code   356  queue.o(i.xQueueReceive)
    xTaskCheckForTimeOut                     0x0800350d   Thumb Code   160  tasks.o(i.xTaskCheckForTimeOut)
    xTaskCreate                              0x080035b9   Thumb Code    96  tasks.o(i.xTaskCreate)
    xTaskGetSchedulerState                   0x08003619   Thumb Code    24  tasks.o(i.xTaskGetSchedulerState)
    xTaskGetTickCount                        0x08003639   Thumb Code     6  tasks.o(i.xTaskGetTickCount)
    xTaskIncrementTick                       0x08003645   Thumb Code   398  tasks.o(i.xTaskIncrementTick)
    xTaskPriorityDisinherit                  0x08003801   Thumb Code   226  tasks.o(i.xTaskPriorityDisinherit)
    xTaskRemoveFromEventList                 0x080038f1   Thumb Code   264  tasks.o(i.xTaskRemoveFromEventList)
    xTaskResumeAll                           0x08003a11   Thumb Code   338  tasks.o(i.xTaskResumeAll)
    xTimerCreate                             0x08003b89   Thumb Code    54  timers.o(i.xTimerCreate)
    xTimerCreateTimerTask                    0x08003bc1   Thumb Code    64  timers.o(i.xTimerCreateTimerTask)
    xTimerGenericCommand                     0x08003c15   Thumb Code   128  timers.o(i.xTimerGenericCommand)
    Region$$Table$$Base                      0x08003c98   Number         0  anon$$obj.o(Region$$Table)
    Region$$Table$$Limit                     0x08003cb8   Number         0  anon$$obj.o(Region$$Table)
    StartTask_Handler                        0x20000000   Data           4  main.o(.data)
    LED_TaskHandler                          0x20000004   Data           4  main.o(.data)
    BEEP_TaskHandler                         0x20000008   Data           4  main.o(.data)
    INTERRUPT_TaskHandler                    0x2000000c   Data           4  main.o(.data)
    RUNTIME_TaskHandler                      0x20000010   Data           4  main.o(.data)
    Timer1Timer_Handler                      0x20000018   Data           4  main.o(.data)
    RECEIVE_Queue_Handler                    0x20000024   Data           4  usart.o(.data)
    USART_RX_STA                             0x20000028   Data           2  usart.o(.data)
    USART_RX_CNT                             0x2000002c   Data           4  usart.o(.data)
    CodeUpdateFlag                           0x20000030   Data           1  usart.o(.data)
    FreeRTOSRunTimeTicks                     0x20000034   Data           4  btim.o(.data)
    SystemCoreClock                          0x20000038   Data           4  system_gd32f20x.o(.data)
    pxCurrentTCB                             0x2000003c   Data           4  tasks.o(.data)
    uxTopUsedPriority                        0x20000074   Data           4  tasks.o(.data)
    __stdout                                 0x200000c4   Data           4  stdout.o(.data)
    __microlib_freelist                      0x200000c8   Data           4  mvars.o(.data)
    __microlib_freelist_initialised          0x200000cc   Data           4  mvars.o(.data)
    __heap_base                              0x20012be0   Data           0  startup_gd32f20x_cl.o(HEAP)
    __heap_limit                             0x20014be0   Data           0  startup_gd32f20x_cl.o(HEAP)
    __initial_sp                             0x20016be0   Data           0  startup_gd32f20x_cl.o(STACK)



==============================================================================

Memory Map of the image

  Image Entry point : 0x080001a9

  Load Region LR_IROM1 (Base: 0x08000000, Size: 0x00003d88, Max: 0x00010000, ABSOLUTE)

    Execution Region ER_IROM1 (Exec base: 0x08000000, Load base: 0x08000000, Size: 0x00003cb8, Max: 0x00010000, ABSOLUTE)

    Exec Addr    Load Addr    Size         Type   Attr      Idx    E Section Name        Object

    0x08000000   0x08000000   0x000001a8   Data   RO         5717    RESET               startup_gd32f20x_cl.o
    0x080001a8   0x080001a8   0x00000000   Code   RO         7035  * .ARM.Collect$$$$00000000  mc_w.l(entry.o)
    0x080001a8   0x080001a8   0x00000004   Code   RO         7341    .ARM.Collect$$$$00000001  mc_w.l(entry2.o)
    0x080001ac   0x080001ac   0x00000004   Code   RO         7344    .ARM.Collect$$$$00000004  mc_w.l(entry5.o)
    0x080001b0   0x080001b0   0x00000000   Code   RO         7346    .ARM.Collect$$$$00000008  mc_w.l(entry7b.o)
    0x080001b0   0x080001b0   0x00000000   Code   RO         7348    .ARM.Collect$$$$0000000A  mc_w.l(entry8b.o)
    0x080001b0   0x080001b0   0x00000008   Code   RO         7349    .ARM.Collect$$$$0000000B  mc_w.l(entry9a.o)
    0x080001b8   0x080001b8   0x00000004   Code   RO         7356    .ARM.Collect$$$$0000000E  mc_w.l(entry12b.o)
    0x080001bc   0x080001bc   0x00000000   Code   RO         7351    .ARM.Collect$$$$0000000F  mc_w.l(entry10a.o)
    0x080001bc   0x080001bc   0x00000000   Code   RO         7353    .ARM.Collect$$$$00000011  mc_w.l(entry11a.o)
    0x080001bc   0x080001bc   0x00000004   Code   RO         7342    .ARM.Collect$$$$00002712  mc_w.l(entry2.o)
    0x080001c0   0x080001c0   0x00000096   Code   RO         6958    .emb_text           port.o
    0x08000256   0x08000256   0x00000002   PAD
    0x08000258   0x08000258   0x00000024   Code   RO         5718    .text               startup_gd32f20x_cl.o
    0x0800027c   0x0800027c   0x00000024   Code   RO         7040    .text               mc_w.l(memcpya.o)
    0x080002a0   0x080002a0   0x00000024   Code   RO         7044    .text               mc_w.l(memseta.o)
    0x080002c4   0x080002c4   0x0000000e   Code   RO         7046    .text               mc_w.l(strlen.o)
    0x080002d2   0x080002d2   0x00000012   Code   RO         7048    .text               mc_w.l(strcpy.o)
    0x080002e4   0x080002e4   0x0000002c   Code   RO         7358    .text               mc_w.l(uidiv.o)
    0x08000310   0x08000310   0x00000024   Code   RO         7377    .text               mc_w.l(init.o)
    0x08000334   0x08000334   0x00000004   Code   RO            3    i.BusFault_Handler  gd32f20x_it.o
    0x08000338   0x08000338   0x00000002   Code   RO            4    i.DebugMon_Handler  gd32f20x_it.o
    0x0800033a   0x0800033a   0x00000004   Code   RO            5    i.HardFault_Handler  gd32f20x_it.o
    0x0800033e   0x0800033e   0x00000004   Code   RO            6    i.MemManage_Handler  gd32f20x_it.o
    0x08000342   0x08000342   0x00000002   Code   RO            7    i.NMI_Handler       gd32f20x_it.o
    0x08000344   0x08000344   0x00000034   Code   RO         6959    i.SysTick_Handler   port.o
    0x08000378   0x08000378   0x00000090   Code   RO         5676    i.SystemInit        system_gd32f20x.o
    0x08000408   0x08000408   0x0000001c   Code   RO          474    i.TIMER1_IRQHandler  btim.o
    0x08000424   0x08000424   0x0000000a   Code   RO          310    i.Timer1Callback    led.o
    0x0800042e   0x0800042e   0x00000002   PAD
    0x08000430   0x08000430   0x00000058   Code   RO          364    i.USART0_IRQHandler  usart.o
    0x08000488   0x08000488   0x00000058   Code   RO          365    i.USART2_IRQHandler  usart.o
    0x080004e0   0x080004e0   0x00000004   Code   RO            8    i.UsageFault_Handler  gd32f20x_it.o
    0x080004e4   0x080004e4   0x00000020   Code   RO         7141    i.__0printf$3       mc_w.l(printf3.o)
    0x08000504   0x08000504   0x00000028   Code   RO         7143    i.__0sprintf$3      mc_w.l(printf3.o)
    0x0800052c   0x0800052c   0x0000000e   Code   RO         7385    i.__scatterload_copy  mc_w.l(handlers.o)
    0x0800053a   0x0800053a   0x00000002   Code   RO         7386    i.__scatterload_null  mc_w.l(handlers.o)
    0x0800053c   0x0800053c   0x0000000e   Code   RO         7387    i.__scatterload_zeroinit  mc_w.l(handlers.o)
    0x0800054a   0x0800054a   0x00000002   PAD
    0x0800054c   0x0800054c   0x000001b8   Code   RO         7148    i._printf_core      mc_w.l(printf3.o)
    0x08000704   0x08000704   0x0000000a   Code   RO         7150    i._sputc            mc_w.l(printf3.o)
    0x0800070e   0x0800070e   0x00000002   PAD
    0x08000710   0x08000710   0x00000024   Code   RO          311    i.beep_task         led.o
    0x08000734   0x08000734   0x00000054   Code   RO          475    i.btim_tim1_int_init  btim.o
    0x08000788   0x08000788   0x00000018   Code   RO          476    i.configureTimeForRunTimeStats  btim.o
    0x080007a0   0x080007a0   0x000000a4   Code   RO         6295    i.eTaskGetState     tasks.o
    0x08000844   0x08000844   0x00000024   Code   RO          367    i.fputc             usart.o
    0x08000868   0x08000868   0x00000050   Code   RO         7313    i.free              mc_w.l(malloc.o)
    0x080008b8   0x080008b8   0x00000004   Code   RO         3062    i.gpio_bit_reset    gd32f20x_gpio.o
    0x080008bc   0x080008bc   0x00000004   Code   RO         3063    i.gpio_bit_set      gd32f20x_gpio.o
    0x080008c0   0x080008c0   0x00000048   Code   RO          433    i.gpio_config       gpio.o
    0x08000908   0x08000908   0x000000ac   Code   RO         3071    i.gpio_init         gd32f20x_gpio.o
    0x080009b4   0x080009b4   0x0000005c   Code   RO          368    i.init_com0         usart.o
    0x08000a10   0x08000a10   0x00000088   Code   RO          370    i.init_receive_queue  usart.o
    0x08000a98   0x08000a98   0x00000016   Code   RO          312    i.interrupt_task    led.o
    0x08000aae   0x08000aae   0x00000002   PAD
    0x08000ab0   0x08000ab0   0x00000080   Code   RO          453    i.judge_message     interrupt.o
    0x08000b30   0x08000b30   0x00000024   Code   RO          313    i.led_task          led.o
    0x08000b54   0x08000b54   0x0000006c   Code   RO          314    i.led_toggle        led.o
    0x08000bc0   0x08000bc0   0x000000f0   Code   RO          172    i.main              main.o
    0x08000cb0   0x08000cb0   0x0000006c   Code   RO         7314    i.malloc            mc_w.l(malloc.o)
    0x08000d1c   0x08000d1c   0x000000ac   Code   RO         3589    i.nvic_irq_enable   gd32f20x_misc.o
    0x08000dc8   0x08000dc8   0x00000014   Code   RO         3590    i.nvic_priority_group_set  gd32f20x_misc.o
    0x08000ddc   0x08000ddc   0x000000cc   Code   RO         6297    i.prvAddCurrentTaskToDelayedList  tasks.o
    0x08000ea8   0x08000ea8   0x000000ec   Code   RO         6298    i.prvAddNewTaskToReadyList  tasks.o
    0x08000f94   0x08000f94   0x0000004c   Code   RO         6729    i.prvCheckForValidListAndQueue  timers.o
    0x08000fe0   0x08000fe0   0x00000048   Code   RO         6299    i.prvCheckTasksWaitingTermination  tasks.o
    0x08001028   0x08001028   0x0000002a   Code   RO         5893    i.prvCopyDataFromQueue  queue.o
    0x08001052   0x08001052   0x0000007e   Code   RO         5894    i.prvCopyDataToQueue  queue.o
    0x080010d0   0x080010d0   0x00000012   Code   RO         6300    i.prvDeleteTCB      tasks.o
    0x080010e2   0x080010e2   0x00000002   PAD
    0x080010e4   0x080010e4   0x00000028   Code   RO         6730    i.prvGetNextExpireTime  timers.o
    0x0800110c   0x0800110c   0x0000007c   Code   RO         6903    i.prvHeapInit       heap_4.o
    0x08001188   0x08001188   0x00000028   Code   RO         6301    i.prvIdleTask       tasks.o
    0x080011b0   0x080011b0   0x0000002e   Code   RO         5897    i.prvInitialiseNewQueue  queue.o
    0x080011de   0x080011de   0x000000e6   Code   RO         6302    i.prvInitialiseNewTask  tasks.o
    0x080012c4   0x080012c4   0x00000058   Code   RO         6731    i.prvInitialiseNewTimer  timers.o
    0x0800131c   0x0800131c   0x00000068   Code   RO         6303    i.prvInitialiseTaskLists  tasks.o
    0x08001384   0x08001384   0x00000068   Code   RO         6904    i.prvInsertBlockIntoFreeList  heap_4.o
    0x080013ec   0x080013ec   0x00000058   Code   RO         6732    i.prvInsertTimerInActiveList  timers.o
    0x08001444   0x08001444   0x0000001a   Code   RO         5898    i.prvIsQueueEmpty   queue.o
    0x0800145e   0x0800145e   0x0000001e   Code   RO         5899    i.prvIsQueueFull    queue.o
    0x0800147c   0x0800147c   0x0000006a   Code   RO         6304    i.prvListTasksWithinSingleList  tasks.o
    0x080014e6   0x080014e6   0x000000ac   Code   RO         5900    i.prvNotifyQueueSetContainer  queue.o
    0x08001592   0x08001592   0x00000002   PAD
    0x08001594   0x08001594   0x00000044   Code   RO         6733    i.prvProcessExpiredTimer  timers.o
    0x080015d8   0x080015d8   0x0000014c   Code   RO         6734    i.prvProcessReceivedCommands  timers.o
    0x08001724   0x08001724   0x00000074   Code   RO         6735    i.prvProcessTimerOrBlockTask  timers.o
    0x08001798   0x08001798   0x00000028   Code   RO         6736    i.prvReloadTimer    timers.o
    0x080017c0   0x080017c0   0x00000030   Code   RO         6305    i.prvResetNextTaskUnblockTime  tasks.o
    0x080017f0   0x080017f0   0x0000002c   Code   RO         6737    i.prvSampleTimeNow  timers.o
    0x0800181c   0x0800181c   0x00000044   Code   RO         6738    i.prvSwitchTimerLists  timers.o
    0x08001860   0x08001860   0x00000016   Code   RO         6307    i.prvTaskCheckFreeStackSpace  tasks.o
    0x08001876   0x08001876   0x00000002   PAD
    0x08001878   0x08001878   0x00000040   Code   RO         6960    i.prvTaskExitError  port.o
    0x080018b8   0x080018b8   0x0000001a   Code   RO         6739    i.prvTimerTask      timers.o
    0x080018d2   0x080018d2   0x00000090   Code   RO         5901    i.prvUnlockQueue    queue.o
    0x08001962   0x08001962   0x0000002a   Code   RO         6309    i.prvWriteNameToBuffer  tasks.o
    0x0800198c   0x0800198c   0x0000016c   Code   RO         6905    i.pvPortMalloc      heap_4.o
    0x08001af8   0x08001af8   0x00000024   Code   RO         6961    i.pxPortInitialiseStack  port.o
    0x08001b1c   0x08001b1c   0x0000016c   Code   RO         3740    i.rcu_clock_freq_get  gd32f20x_rcu.o
    0x08001c88   0x08001c88   0x00000020   Code   RO         3760    i.rcu_periph_clock_enable  gd32f20x_rcu.o
    0x08001ca8   0x08001ca8   0x00000020   Code   RO         3763    i.rcu_periph_reset_disable  gd32f20x_rcu.o
    0x08001cc8   0x08001cc8   0x00000020   Code   RO         3764    i.rcu_periph_reset_enable  gd32f20x_rcu.o
    0x08001ce8   0x08001ce8   0x000000d8   Code   RO          315    i.runtime_task      led.o
    0x08001dc0   0x08001dc0   0x000002a4   Code   RO          173    i.start_task        main.o
    0x08002064   0x08002064   0x000000e4   Code   RO         5677    i.system_clock_120m_hxtal  system_gd32f20x.o
    0x08002148   0x08002148   0x00000008   Code   RO         5678    i.system_clock_config  system_gd32f20x.o
    0x08002150   0x08002150   0x00000028   Code   RO         3594    i.systick_clksource_set  gd32f20x_misc.o
    0x08002178   0x08002178   0x00000044   Code   RO          273    i.systick_config    systick.o
    0x080021bc   0x080021bc   0x0000000a   Code   RO         4634    i.timer_auto_reload_shadow_enable  gd32f20x_timer.o
    0x080021c6   0x080021c6   0x0000000a   Code   RO         4669    i.timer_enable      gd32f20x_timer.o
    0x080021d0   0x080021d0   0x000000e0   Code   RO         4679    i.timer_init        gd32f20x_timer.o
    0x080022b0   0x080022b0   0x00000008   Code   RO         4686    i.timer_interrupt_enable  gd32f20x_timer.o
    0x080022b8   0x080022b8   0x00000006   Code   RO         4687    i.timer_interrupt_flag_clear  gd32f20x_timer.o
    0x080022be   0x080022be   0x00000002   PAD
    0x080022c0   0x080022c0   0x000000c4   Code   RO         5300    i.usart_baudrate_set  gd32f20x_usart.o
    0x08002384   0x08002384   0x00000064   Code   RO          371    i.usart_config      usart.o
    0x080023e8   0x080023e8   0x0000000a   Code   RO         5303    i.usart_data_receive  gd32f20x_usart.o
    0x080023f2   0x080023f2   0x00000008   Code   RO         5304    i.usart_data_transmit  gd32f20x_usart.o
    0x080023fa   0x080023fa   0x00000002   PAD
    0x080023fc   0x080023fc   0x000000dc   Code   RO         5305    i.usart_deinit      gd32f20x_usart.o
    0x080024d8   0x080024d8   0x0000000a   Code   RO         5309    i.usart_enable      gd32f20x_usart.o
    0x080024e2   0x080024e2   0x0000001e   Code   RO         5311    i.usart_flag_get    gd32f20x_usart.o
    0x08002500   0x08002500   0x00000014   Code   RO         5315    i.usart_hardware_flow_cts_config  gd32f20x_usart.o
    0x08002514   0x08002514   0x00000014   Code   RO         5316    i.usart_hardware_flow_rts_config  gd32f20x_usart.o
    0x08002528   0x08002528   0x0000001a   Code   RO         5318    i.usart_interrupt_enable  gd32f20x_usart.o
    0x08002542   0x08002542   0x00000012   Code   RO         5319    i.usart_interrupt_flag_clear  gd32f20x_usart.o
    0x08002554   0x08002554   0x00000038   Code   RO         5320    i.usart_interrupt_flag_get  gd32f20x_usart.o
    0x0800258c   0x0800258c   0x00000010   Code   RO         5331    i.usart_parity_config  gd32f20x_usart.o
    0x0800259c   0x0800259c   0x00000014   Code   RO         5333    i.usart_receive_config  gd32f20x_usart.o
    0x080025b0   0x080025b0   0x00000010   Code   RO         5343    i.usart_stop_bit_set  gd32f20x_usart.o
    0x080025c0   0x080025c0   0x00000014   Code   RO         5347    i.usart_transmit_config  gd32f20x_usart.o
    0x080025d4   0x080025d4   0x00000010   Code   RO         5348    i.usart_word_length_set  gd32f20x_usart.o
    0x080025e4   0x080025e4   0x00000028   Code   RO         5854    i.uxListRemove      list.o
    0x0800260c   0x0800260c   0x0000002a   Code   RO         5904    i.uxQueueMessagesWaiting  queue.o
    0x08002636   0x08002636   0x00000002   PAD
    0x08002638   0x08002638   0x000000b8   Code   RO         6318    i.uxTaskGetSystemState  tasks.o
    0x080026f0   0x080026f0   0x0000001a   Code   RO         5855    i.vListInitialise   list.o
    0x0800270a   0x0800270a   0x00000006   Code   RO         5856    i.vListInitialiseItem  list.o
    0x08002710   0x08002710   0x00000034   Code   RO         5857    i.vListInsert       list.o
    0x08002744   0x08002744   0x00000018   Code   RO         5858    i.vListInsertEnd    list.o
    0x0800275c   0x0800275c   0x00000054   Code   RO         6963    i.vPortEnterCritical  port.o
    0x080027b0   0x080027b0   0x0000003c   Code   RO         6964    i.vPortExitCritical  port.o
    0x080027ec   0x080027ec   0x000000a4   Code   RO         6906    i.vPortFree         heap_4.o
    0x08002890   0x08002890   0x00000028   Code   RO         6965    i.vPortSetupTimerInterrupt  port.o
    0x080028b8   0x080028b8   0x00000078   Code   RO         6966    i.vPortValidateInterruptPriority  port.o
    0x08002930   0x08002930   0x0000004a   Code   RO         5909    i.vQueueWaitForMessageRestricted  queue.o
    0x0800297a   0x0800297a   0x00000002   PAD
    0x0800297c   0x0800297c   0x0000005c   Code   RO         6323    i.vTaskDelay        tasks.o
    0x080029d8   0x080029d8   0x000000fc   Code   RO         6324    i.vTaskDelete       tasks.o
    0x08002ad4   0x08002ad4   0x00000084   Code   RO         6327    i.vTaskGetInfo      tasks.o
    0x08002b58   0x08002b58   0x000000c4   Code   RO         6328    i.vTaskGetRunTimeStats  tasks.o
    0x08002c1c   0x08002c1c   0x00000018   Code   RO         6329    i.vTaskInternalSetTimeOutState  tasks.o
    0x08002c34   0x08002c34   0x0000000c   Code   RO         6331    i.vTaskMissedYield  tasks.o
    0x08002c40   0x08002c40   0x00000038   Code   RO         6332    i.vTaskPlaceOnEventList  tasks.o
    0x08002c78   0x08002c78   0x00000064   Code   RO         6333    i.vTaskPlaceOnEventListRestricted  tasks.o
    0x08002cdc   0x08002cdc   0x000000a0   Code   RO         6341    i.vTaskStartScheduler  tasks.o
    0x08002d7c   0x08002d7c   0x00000010   Code   RO         6343    i.vTaskSuspendAll   tasks.o
    0x08002d8c   0x08002d8c   0x000000cc   Code   RO         6344    i.vTaskSwitchContext  tasks.o
    0x08002e58   0x08002e58   0x000000f8   Code   RO         6967    i.xPortStartScheduler  port.o
    0x08002f50   0x08002f50   0x00000066   Code   RO         5914    i.xQueueGenericCreate  queue.o
    0x08002fb6   0x08002fb6   0x00000002   PAD
    0x08002fb8   0x08002fb8   0x000000dc   Code   RO         5915    i.xQueueGenericReset  queue.o
    0x08003094   0x08003094   0x000001d8   Code   RO         5916    i.xQueueGenericSend  queue.o
    0x0800326c   0x0800326c   0x00000136   Code   RO         5917    i.xQueueGenericSendFromISR  queue.o
    0x080033a2   0x080033a2   0x00000002   PAD
    0x080033a4   0x080033a4   0x00000168   Code   RO         5926    i.xQueueReceive     queue.o
    0x0800350c   0x0800350c   0x000000ac   Code   RO         6347    i.xTaskCheckForTimeOut  tasks.o
    0x080035b8   0x080035b8   0x00000060   Code   RO         6348    i.xTaskCreate       tasks.o
    0x08003618   0x08003618   0x00000020   Code   RO         6357    i.xTaskGetSchedulerState  tasks.o
    0x08003638   0x08003638   0x0000000c   Code   RO         6358    i.xTaskGetTickCount  tasks.o
    0x08003644   0x08003644   0x000001bc   Code   RO         6360    i.xTaskIncrementTick  tasks.o
    0x08003800   0x08003800   0x000000f0   Code   RO         6361    i.xTaskPriorityDisinherit  tasks.o
    0x080038f0   0x080038f0   0x00000120   Code   RO         6363    i.xTaskRemoveFromEventList  tasks.o
    0x08003a10   0x08003a10   0x00000178   Code   RO         6364    i.xTaskResumeAll    tasks.o
    0x08003b88   0x08003b88   0x00000036   Code   RO         6746    i.xTimerCreate      timers.o
    0x08003bbe   0x08003bbe   0x00000002   PAD
    0x08003bc0   0x08003bc0   0x00000054   Code   RO         6747    i.xTimerCreateTimerTask  timers.o
    0x08003c14   0x08003c14   0x00000084   Code   RO         6748    i.xTimerGenericCommand  timers.o
    0x08003c98   0x08003c98   0x00000020   Data   RO         7383    Region$$Table       anon$$obj.o


    Execution Region RW_IRAM1 (Exec base: 0x20000000, Load base: 0x08003cb8, Size: 0x00016be0, Max: 0x00020000, ABSOLUTE)

    Exec Addr    Load Addr    Size         Type   Attr      Idx    E Section Name        Object

    0x20000000   0x08003cb8   0x0000001c   Data   RW          174    .data               main.o
    0x2000001c   0x08003cd4   0x00000007   Data   RW          274    .data               systick.o
    0x20000023   0x08003cdb   0x00000001   Data   RW          317    .data               led.o
    0x20000024   0x08003cdc   0x0000000d   Data   RW          373    .data               usart.o
    0x20000031   0x08003ce9   0x00000003   PAD
    0x20000034   0x08003cec   0x00000004   Data   RW          477    .data               btim.o
    0x20000038   0x08003cf0   0x00000004   Data   RW         5679    .data               system_gd32f20x.o
    0x2000003c   0x08003cf4   0x00000048   Data   RW         6367    .data               tasks.o
    0x20000084   0x08003d3c   0x00000014   Data   RW         6756    .data               timers.o
    0x20000098   0x08003d50   0x00000020   Data   RW         6912    .data               heap_4.o
    0x200000b8   0x08003d70   0x0000000c   Data   RW         6968    .data               port.o
    0x200000c4   0x08003d7c   0x00000004   Data   RW         7357    .data               mc_w.l(stdout.o)
    0x200000c8   0x08003d80   0x00000004   Data   RW         7364    .data               mc_w.l(mvars.o)
    0x200000cc   0x08003d84   0x00000004   Data   RW         7365    .data               mc_w.l(mvars.o)
    0x200000d0        -       0x00002800   Zero   RW          316    .bss                led.o
    0x200028d0        -       0x000002e4   Zero   RW         6366    .bss                tasks.o
    0x20002bb4        -       0x00000028   Zero   RW         6755    .bss                timers.o
    0x20002bdc        -       0x00010000   Zero   RW         6911    .bss                heap_4.o
    0x20012bdc   0x08003d88   0x00000004   PAD
    0x20012be0        -       0x00002000   Zero   RW         5716    HEAP                startup_gd32f20x_cl.o
    0x20014be0        -       0x00002000   Zero   RW         5715    STACK               startup_gd32f20x_cl.o


==============================================================================

Image component sizes


      Code (inc. data)   RO Data    RW Data    ZI Data      Debug   Object Name

       136         10          0          4          0       1827   btim.o
         0          0          0          0          0      13248   event_groups.o
       180          0          0          0          0       2152   gd32f20x_gpio.o
        20          0          0          0          0      59337   gd32f20x_it.o
       232         20          0          0          0       2116   gd32f20x_misc.o
       460         40          0          0          0       3164   gd32f20x_rcu.o
       258         54          0          0          0       3900   gd32f20x_timer.o
       702         20          0          0          0      10856   gd32f20x_usart.o
        72          8          0          0          0        478   gpio.o
       756         74          0         32      65536       4515   heap_4.o
       128         62          0          0          0        532   interrupt.o
       428        190          0          1      10240       3333   led.o
       148          0          0          0          0       3250   list.o
       916        558          0         28          0      22831   main.o
       854         80          0         12          0      10801   port.o
      2166         16          0          0          0      16664   queue.o
        36          8        424          0      16384        800   startup_gd32f20x_cl.o
       380         38          0          4          0       2059   system_gd32f20x.o
        68         18          0          7          0       1033   systick.o
      4374        502          0         72        740      34171   tasks.o
      1256        106          0         20         40      26222   timers.o
       540        134          0         13          0       4594   usart.o

    ----------------------------------------------------------------------
     14136       1938        456        196      92944     227883   Object Totals
         0          0         32          0          0          0   (incl. Generated)
        26          0          0          3          4          0   (incl. Padding)

    ----------------------------------------------------------------------

      Code (inc. data)   RO Data    RW Data    ZI Data      Debug   Library Member Name

         0          0          0          0          0          0   entry.o
         0          0          0          0          0          0   entry10a.o
         0          0          0          0          0          0   entry11a.o
         4          0          0          0          0          0   entry12b.o
         8          4          0          0          0          0   entry2.o
         4          0          0          0          0          0   entry5.o
         0          0          0          0          0          0   entry7b.o
         0          0          0          0          0          0   entry8b.o
         8          4          0          0          0          0   entry9a.o
        30          0          0          0          0          0   handlers.o
        36          8          0          0          0         68   init.o
       188         20          0          0          0        160   malloc.o
        36          0          0          0          0         68   memcpya.o
        36          0          0          0          0        108   memseta.o
         0          0          0          8          0          0   mvars.o
       522         20          0          0          0        336   printf3.o
         0          0          0          4          0          0   stdout.o
        18          0          0          0          0         68   strcpy.o
        14          0          0          0          0         68   strlen.o
        44          0          0          0          0         80   uidiv.o

    ----------------------------------------------------------------------
       952         56          0         12          0        956   Library Totals
         4          0          0          0          0          0   (incl. Padding)

    ----------------------------------------------------------------------

      Code (inc. data)   RO Data    RW Data    ZI Data      Debug   Library Name

       948         56          0         12          0        956   mc_w.l

    ----------------------------------------------------------------------
       952         56          0         12          0        956   Library Totals

    ----------------------------------------------------------------------

==============================================================================


      Code (inc. data)   RO Data    RW Data    ZI Data      Debug   

     15088       1994        456        208      92944     221555   Grand Totals
     15088       1994        456        208      92944     221555   ELF Image Totals
     15088       1994        456        208          0          0   ROM Totals

==============================================================================

    Total RO  Size (Code + RO Data)                15544 (  15.18kB)
    Total RW  Size (RW Data + ZI Data)             93152 (  90.97kB)
    Total ROM Size (Code + RO Data + RW Data)      15752 (  15.38kB)

==============================================================================

